00:58:00 **** Incremental Build of configuration Debug for project ISA ****
make all 
Building file: ../ISA.c
Invoking: AVR Compiler
avr-gcc -Wall -g2 -gstabs -O0 -fpack-struct -fshort-enums -ffunction-sections -fdata-sections -std=gnu99 -funsigned-char -funsigned-bitfields -mmcu=atmega32 -DF_CPU=8000000UL -MMD -MP -MF"ISA.d" -MT"ISA.o" -c -o "ISA.o" "../ISA.c"
In file included from ../ISA.c:7:
c:/winavr-20100110/lib/gcc/../../avr/include/util/delay.h:90:3: warning: #warning "Compiler optimizations disabled; functions from <util/delay.h> won't work as designed"
../ISA.c:26: warning: return type of 'main' is not 'int'
Finished building: ../ISA.c
 
Building target: ISA.elf
Invoking: AVR C Linker
avr-gcc -Wl,-Map,ISA.map -mmcu=atmega32 -o "ISA.elf"  ./ISA.o   
Finished building target: ISA.elf
 
Invoking: AVR Create Extended Listing
avr-objdump -h -S ISA.elf  >"ISA.lss"
Finished building: ISA.lss
 
Create Flash image (ihex format)
avr-objcopy -R .eeprom -R .fuse -R .lock -R .signature -O ihex ISA.elf  "ISA.hex"
Finished building: ISA.hex
 
Invoking: Print Size
avr-size --format=avr --mcu=atmega32 ISA.elf
AVR Memory Usage
----------------
Device: atmega32

Program:    3936 bytes (12.0% Full)
(.text + .data + .bootloader)

Data:         23 bytes (1.1% Full)
(.data + .bss + .noinit)


Finished building: sizedummy
 
00:58:07 **** Incremental Build of configuration Debug for project ISA ****
make all 
Invoking: Print Size
avr-size --format=avr --mcu=atmega32 ISA.elf
AVR Memory Usage
----------------
Device: atmega32

Program:    3936 bytes (12.0% Full)
(.text + .data + .bootloader)

Data:         23 bytes (1.1% Full)
(.data + .bss + .noinit)


Finished building: sizedummy
 
01:29:49 **** Incremental Build of configuration Debug for project ISA ****
make all 
Invoking: Print Size
avr-size --format=avr --mcu=atmega32 ISA.elf
AVR Memory Usage
----------------
Device: atmega32

Program:    3936 bytes (12.0% Full)
(.text + .data + .bootloader)

Data:         23 bytes (1.1% Full)
(.data + .bss + .noinit)


Finished building: sizedummy
 
03:30:28 **** Incremental Build of configuration Debug for project ISA ****
make all 
Building file: ../ISA.c
Invoking: AVR Compiler
avr-gcc -Wall -g2 -gstabs -O0 -fpack-struct -fshort-enums -ffunction-sections -fdata-sections -std=gnu99 -funsigned-char -funsigned-bitfields -mmcu=atmega32 -DF_CPU=8000000UL -MMD -MP -MF"ISA.d" -MT"ISA.o" -c -o "ISA.o" "../ISA.c"
In file included from ../ISA.c:7:
c:/winavr-20100110/lib/gcc/../../avr/include/util/delay.h:90:3: warning: #warning "Compiler optimizations disabled; functions from <util/delay.h> won't work as designed"
../ISA.c:26: warning: return type of 'main' is not 'int'
Finished building: ../ISA.c
 
Building target: ISA.elf
Invoking: AVR C Linker
avr-gcc -Wl,-Map,ISA.map -mmcu=atmega32 -o "ISA.elf"  ./ISA.o   
Finished building target: ISA.elf
 
Invoking: AVR Create Extended Listing
avr-objdump -h -S ISA.elf  >"ISA.lss"
Finished building: ISA.lss
 
Create Flash image (ihex format)
avr-objcopy -R .eeprom -R .fuse -R .lock -R .signature -O ihex ISA.elf  "ISA.hex"
Finished building: ISA.hex
 
Invoking: Print Size
avr-size --format=avr --mcu=atmega32 ISA.elf
AVR Memory Usage
----------------
Device: atmega32

Program:    3936 bytes (12.0% Full)
(.text + .data + .bootloader)

Data:         23 bytes (1.1% Full)
(.data + .bss + .noinit)


Finished building: sizedummy
 
03:31:08 **** Incremental Build of configuration Debug for project ISA ****
make all 
Invoking: Print Size
avr-size --format=avr --mcu=atmega32 ISA.elf
AVR Memory Usage
----------------
Device: atmega32

Program:    3936 bytes (12.0% Full)
(.text + .data + .bootloader)

Data:         23 bytes (1.1% Full)
(.data + .bss + .noinit)


Finished building: sizedummy
 
03:31:30 **** Incremental Build of configuration Debug for project ISA ****
make all 
Invoking: Print Size
avr-size --format=avr --mcu=atmega32 ISA.elf
AVR Memory Usage
----------------
Device: atmega32

Program:    3936 bytes (12.0% Full)
(.text + .data + .bootloader)

Data:         23 bytes (1.1% Full)
(.data + .bss + .noinit)


Finished building: sizedummy
 
03:31:42 **** Incremental Build of configuration Debug for project ISA ****
make all 
Invoking: Print Size
avr-size --format=avr --mcu=atmega32 ISA.elf
AVR Memory Usage
----------------
Device: atmega32

Program:    3936 bytes (12.0% Full)
(.text + .data + .bootloader)

Data:         23 bytes (1.1% Full)
(.data + .bss + .noinit)


Finished building: sizedummy
 
20:37:04 **** Incremental Build of configuration Debug for project ISA ****
make all 
Invoking: Print Size
avr-size --format=avr --mcu=atmega32 ISA.elf
AVR Memory Usage
----------------
Device: atmega32

Program:    3936 bytes (12.0% Full)
(.text + .data + .bootloader)

Data:         23 bytes (1.1% Full)
(.data + .bss + .noinit)


Finished building: sizedummy
 
20:45:52 **** Incremental Build of configuration Debug for project ISA ****
make all 
Building file: ../ISA.c
Invoking: AVR Compiler
avr-gcc -Wall -g2 -gstabs -O0 -fpack-struct -fshort-enums -ffunction-sections -fdata-sections -std=gnu99 -funsigned-char -funsigned-bitfields -mmcu=atmega32 -DF_CPU=8000000UL -MMD -MP -MF"ISA.d" -MT"ISA.o" -c -o "ISA.o" "../ISA.c"
In file included from ../ISA.c:7:
c:/winavr-20100110/lib/gcc/../../avr/include/util/delay.h:90:3: warning: #warning "Compiler optimizations disabled; functions from <util/delay.h> won't work as designed"
../ISA.c:26: warning: return type of 'main' is not 'int'
Finished building: ../ISA.c
 
Building target: ISA.elf
Invoking: AVR C Linker
avr-gcc -Wl,-Map,ISA.map -mmcu=atmega32 -o "ISA.elf"  ./ISA.o   
Finished building target: ISA.elf
 
Invoking: AVR Create Extended Listing
avr-objdump -h -S ISA.elf  >"ISA.lss"
Finished building: ISA.lss
 
Create Flash image (ihex format)
avr-objcopy -R .eeprom -R .fuse -R .lock -R .signature -O ihex ISA.elf  "ISA.hex"
Finished building: ISA.hex
 
Invoking: Print Size
avr-size --format=avr --mcu=atmega32 ISA.elf
AVR Memory Usage
----------------
Device: atmega32

Program:    3936 bytes (12.0% Full)
(.text + .data + .bootloader)

Data:         23 bytes (1.1% Full)
(.data + .bss + .noinit)


Finished building: sizedummy
 
21:11:02 **** Incremental Build of configuration Debug for project ISA ****
make all 
Invoking: Print Size
avr-size --format=avr --mcu=atmega32 ISA.elf
AVR Memory Usage
----------------
Device: atmega32

Program:    3936 bytes (12.0% Full)
(.text + .data + .bootloader)

Data:         23 bytes (1.1% Full)
(.data + .bss + .noinit)


Finished building: sizedummy
 
17:07:29 **** Build of configuration Debug for project ISA ****
make all 
Building file: ../ISA.c
Invoking: AVR Compiler
avr-gcc -Wall -g2 -gstabs -O0 -fpack-struct -fshort-enums -ffunction-sections -fdata-sections -std=gnu99 -funsigned-char -funsigned-bitfields -mmcu=atmega32 -DF_CPU=8000000UL -MMD -MP -MF"ISA.d" -MT"ISA.o" -c -o "ISA.o" "../ISA.c"
In file included from ../ISA.c:7:
c:/winavr-20100110/lib/gcc/../../avr/include/util/delay.h:90:3: warning: #warning "Compiler optimizations disabled; functions from <util/delay.h> won't work as designed"
../ISA.c:26: warning: return type of 'main' is not 'int'
Finished building: ../ISA.c
 
Building target: ISA.elf
Invoking: AVR C Linker
avr-gcc -Wl,-Map,ISA.map -mmcu=atmega32 -o "ISA.elf"  ./ISA.o   
Finished building target: ISA.elf
 
Invoking: AVR Create Extended Listing
avr-objdump -h -S ISA.elf  >"ISA.lss"
Finished building: ISA.lss
 
Create Flash image (ihex format)
avr-objcopy -R .eeprom -R .fuse -R .lock -R .signature -O ihex ISA.elf  "ISA.hex"
Finished building: ISA.hex
 
Invoking: Print Size
avr-size --format=avr --mcu=atmega32 ISA.elf
AVR Memory Usage
----------------
Device: atmega32

Program:    3936 bytes (12.0% Full)
(.text + .data + .bootloader)

Data:         23 bytes (1.1% Full)
(.data + .bss + .noinit)


Finished building: sizedummy
 
17:08:27 **** Incremental Build of configuration Debug for project ISA ****
make all 
Invoking: Print Size
avr-size --format=avr --mcu=atmega32 ISA.elf
AVR Memory Usage
----------------
Device: atmega32

Program:    3936 bytes (12.0% Full)
(.text + .data + .bootloader)

Data:         23 bytes (1.1% Full)
(.data + .bss + .noinit)


Finished building: sizedummy
 
23:55:00 **** Clean-only build of configuration Debug for project Advanced_Safe_Terminal ****
make clean 
rm -rf  Advanced_Safe_Terminal.hex  ./MCAL_Layer/USART/USART_prog.o  ./MCAL_Layer/EEPROM/EEPROM_prog.o  ./MCAL_Layer/DIO/DIO_prog.o  ./HAL_Layer/CLCD/CLCD_prog.o  ./APP_Layer/Advanced_Safe.o ./APP_Layer/Security.o  sizedummy  Advanced_Safe_Terminal.lss  ./MCAL_Layer/USART/USART_prog.d  ./MCAL_Layer/EEPROM/EEPROM_prog.d  ./MCAL_Layer/DIO/DIO_prog.d  ./HAL_Layer/CLCD/CLCD_prog.d  ./APP_Layer/Advanced_Safe.d ./APP_Layer/Security.d  Advanced_Safe_Terminal.elf
 
23:55:02 **** Build of configuration Debug for project Advanced_Safe_Terminal ****
make all 
Building file: ../MCAL_Layer/USART/USART_prog.c
Invoking: AVR Compiler
avr-gcc -Wall -g2 -gstabs -O0 -fpack-struct -fshort-enums -ffunction-sections -fdata-sections -std=gnu99 -funsigned-char -funsigned-bitfields -mmcu=atmega32 -DF_CPU=8000000UL -MMD -MP -MF"MCAL_Layer/USART/USART_prog.d" -MT"MCAL_Layer/USART/USART_prog.o" -c -o "MCAL_Layer/USART/USART_prog.o" "../MCAL_Layer/USART/USART_prog.c"
In file included from ../MCAL_Layer/USART/USART_prog.c:13:
c:/winavr-20100110/lib/gcc/../../avr/include/util/delay.h:90:3: warning: #warning "Compiler optimizations disabled; functions from <util/delay.h> won't work as designed"
Finished building: ../MCAL_Layer/USART/USART_prog.c
 
Building file: ../MCAL_Layer/EEPROM/EEPROM_prog.c
Invoking: AVR Compiler
avr-gcc -Wall -g2 -gstabs -O0 -fpack-struct -fshort-enums -ffunction-sections -fdata-sections -std=gnu99 -funsigned-char -funsigned-bitfields -mmcu=atmega32 -DF_CPU=8000000UL -MMD -MP -MF"MCAL_Layer/EEPROM/EEPROM_prog.d" -MT"MCAL_Layer/EEPROM/EEPROM_prog.o" -c -o "MCAL_Layer/EEPROM/EEPROM_prog.o" "../MCAL_Layer/EEPROM/EEPROM_prog.c"
Finished building: ../MCAL_Layer/EEPROM/EEPROM_prog.c
 
Building file: ../MCAL_Layer/DIO/DIO_prog.c
Invoking: AVR Compiler
avr-gcc -Wall -g2 -gstabs -O0 -fpack-struct -fshort-enums -ffunction-sections -fdata-sections -std=gnu99 -funsigned-char -funsigned-bitfields -mmcu=atmega32 -DF_CPU=8000000UL -MMD -MP -MF"MCAL_Layer/DIO/DIO_prog.d" -MT"MCAL_Layer/DIO/DIO_prog.o" -c -o "MCAL_Layer/DIO/DIO_prog.o" "../MCAL_Layer/DIO/DIO_prog.c"
Finished building: ../MCAL_Layer/DIO/DIO_prog.c
 
Building file: ../HAL_Layer/CLCD/CLCD_prog.c
Invoking: AVR Compiler
avr-gcc -Wall -g2 -gstabs -O0 -fpack-struct -fshort-enums -ffunction-sections -fdata-sections -std=gnu99 -funsigned-char -funsigned-bitfields -mmcu=atmega32 -DF_CPU=8000000UL -MMD -MP -MF"HAL_Layer/CLCD/CLCD_prog.d" -MT"HAL_Layer/CLCD/CLCD_prog.o" -c -o "HAL_Layer/CLCD/CLCD_prog.o" "../HAL_Layer/CLCD/CLCD_prog.c"
In file included from ../HAL_Layer/CLCD/CLCD_prog.c:11:
c:/winavr-20100110/lib/gcc/../../avr/include/util/delay.h:90:3: warning: #warning "Compiler optimizations disabled; functions from <util/delay.h> won't work as designed"
Finished building: ../HAL_Layer/CLCD/CLCD_prog.c
 
Building file: ../APP_Layer/Advanced_Safe.c
Invoking: AVR Compiler
avr-gcc -Wall -g2 -gstabs -O0 -fpack-struct -fshort-enums -ffunction-sections -fdata-sections -std=gnu99 -funsigned-char -funsigned-bitfields -mmcu=atmega32 -DF_CPU=8000000UL -MMD -MP -MF"APP_Layer/Advanced_Safe.d" -MT"APP_Layer/Advanced_Safe.o" -c -o "APP_Layer/Advanced_Safe.o" "../APP_Layer/Advanced_Safe.c"
In file included from ../APP_Layer/Advanced_Safe.c:9:
c:/winavr-20100110/lib/gcc/../../avr/include/util/delay.h:90:3: warning: #warning "Compiler optimizations disabled; functions from <util/delay.h> won't work as designed"
../APP_Layer/Advanced_Safe.c:24: warning: return type of 'main' is not 'int'
../APP_Layer/Advanced_Safe.c: In function 'main':
../APP_Layer/Advanced_Safe.c:31: warning: pointer targets in passing argument 1 of 'USART_u8SendStringSynch' differ in signedness
Finished building: ../APP_Layer/Advanced_Safe.c
 
Building file: ../APP_Layer/Security.c
Invoking: AVR Compiler
avr-gcc -Wall -g2 -gstabs -O0 -fpack-struct -fshort-enums -ffunction-sections -fdata-sections -std=gnu99 -funsigned-char -funsigned-bitfields -mmcu=atmega32 -DF_CPU=8000000UL -MMD -MP -MF"APP_Layer/Security.d" -MT"APP_Layer/Security.o" -c -o "APP_Layer/Security.o" "../APP_Layer/Security.c"
In file included from ../APP_Layer/Security.c:8:
c:/winavr-20100110/lib/gcc/../../avr/include/util/delay.h:90:3: warning: #warning "Compiler optimizations disabled; functions from <util/delay.h> won't work as designed"
../APP_Layer/Security.c: In function 'EEPROM_Check':
../APP_Layer/Security.c:51: warning: pointer targets in passing argument 1 of 'USART_u8SendStringSynch' differ in signedness
../APP_Layer/Security.c:61: warning: pointer targets in passing argument 1 of 'USART_u8SendStringSynch' differ in signedness
../APP_Layer/Security.c: In function 'UserName_Set':
../APP_Layer/Security.c:81: warning: pointer targets in passing argument 1 of 'USART_u8SendStringSynch' differ in signedness
../APP_Layer/Security.c:83: warning: pointer targets in passing argument 1 of 'USART_u8SendStringSynch' differ in signedness
../APP_Layer/Security.c:94: warning: pointer targets in passing argument 1 of 'USART_u8SendStringSynch' differ in signedness
../APP_Layer/Security.c:96: warning: pointer targets in passing argument 1 of 'USART_u8SendStringSynch' differ in signedness
../APP_Layer/Security.c:104: warning: passing argument 1 of 'USART_u8ReceiveData' discards qualifiers from pointer target type
../APP_Layer/Security.c: In function 'PassWord_Set':
../APP_Layer/Security.c:179: warning: pointer targets in passing argument 1 of 'CLCD_vSendString' differ in signedness
../APP_Layer/Security.c:181: warning: pointer targets in passing argument 1 of 'CLCD_vSendString' differ in signedness
../APP_Layer/Security.c:184: warning: pointer targets in passing argument 1 of 'CLCD_vSendString' differ in signedness
../APP_Layer/Security.c:195: warning: pointer targets in passing argument 1 of 'CLCD_vSendString' differ in signedness
../APP_Layer/Security.c:197: warning: pointer targets in passing argument 1 of 'CLCD_vSendString' differ in signedness
../APP_Layer/Security.c:200: warning: pointer targets in passing argument 1 of 'CLCD_vSendString' differ in signedness
../APP_Layer/Security.c:204: warning: passing argument 1 of 'USART_u8ReceiveData' discards qualifiers from pointer target type
../APP_Layer/Security.c:215: warning: pointer targets in passing argument 1 of 'CLCD_vSendString' differ in signedness
../APP_Layer/Security.c:217: warning: pointer targets in passing argument 1 of 'CLCD_vSendString' differ in signedness
../APP_Layer/Security.c:220: warning: pointer targets in passing argument 1 of 'CLCD_vSendString' differ in signedness
../APP_Layer/Security.c:229: warning: passing argument 1 of 'USART_u8ReceiveData' discards qualifiers from pointer target type
../APP_Layer/Security.c: In function 'UserName_Check':
../APP_Layer/Security.c:310: warning: pointer targets in passing argument 1 of 'CLCD_vSendString' differ in signedness
../APP_Layer/Security.c:317: warning: passing argument 1 of 'USART_u8ReceiveData' discards qualifiers from pointer target type
../APP_Layer/Security.c: In function 'PassWord_Check':
../APP_Layer/Security.c:414: warning: pointer targets in passing argument 1 of 'CLCD_vSendString' differ in signedness
../APP_Layer/Security.c:422: warning: passing argument 1 of 'USART_u8ReceiveData' discards qualifiers from pointer target type
../APP_Layer/Security.c: In function 'Sign_In':
../APP_Layer/Security.c:521: warning: pointer targets in passing argument 1 of 'CLCD_vSendString' differ in signedness
../APP_Layer/Security.c:523: warning: pointer targets in passing argument 1 of 'CLCD_vSendString' differ in signedness
../APP_Layer/Security.c:531: warning: pointer targets in passing argument 1 of 'CLCD_vSendString' differ in signedness
../APP_Layer/Security.c:545: warning: pointer targets in passing argument 1 of 'CLCD_vSendString' differ in signedness
../APP_Layer/Security.c:547: warning: pointer targets in passing argument 1 of 'CLCD_vSendString' differ in signedness
../APP_Layer/Security.c: In function 'Error_TimeOut':
../APP_Layer/Security.c:558: warning: pointer targets in passing argument 1 of 'CLCD_vSendString' differ in signedness
Finished building: ../APP_Layer/Security.c
 
Building target: Advanced_Safe_Terminal.elf
Invoking: AVR C Linker
avr-gcc -Wl,-Map,Advanced_Safe_Terminal.map -mmcu=atmega32 -o "Advanced_Safe_Terminal.elf"  ./MCAL_Layer/USART/USART_prog.o  ./MCAL_Layer/EEPROM/EEPROM_prog.o  ./MCAL_Layer/DIO/DIO_prog.o  ./HAL_Layer/CLCD/CLCD_prog.o  ./APP_Layer/Advanced_Safe.o ./APP_Layer/Security.o   
Finished building target: Advanced_Safe_Terminal.elf
 
Invoking: AVR Create Extended Listing
avr-objdump -h -S Advanced_Safe_Terminal.elf  >"Advanced_Safe_Terminal.lss"
Finished building: Advanced_Safe_Terminal.lss
 
Create Flash image (ihex format)
avr-objcopy -R .eeprom -R .fuse -R .lock -R .signature -O ihex Advanced_Safe_Terminal.elf  "Advanced_Safe_Terminal.hex"
Finished building: Advanced_Safe_Terminal.hex
 
Invoking: Print Size
avr-size --format=avr --mcu=atmega32 Advanced_Safe_Terminal.elf
AVR Memory Usage
----------------
Device: atmega32

Program:   18938 bytes (57.8% Full)
(.text + .data + .bootloader)

Data:        603 bytes (29.4% Full)
(.data + .bss + .noinit)


Finished building: sizedummy
 
00:00:45 **** Clean-only build of configuration Debug for project Smart_Room ****
make clean 
rm -rf  Smart_Room.hex  ./MCAL_Layer/USART/USART_prog.o  ./MCAL_Layer/TIMER/TIMER_program.o  ./MCAL_Layer/GIE/GIE_prog.o  ./MCAL_Layer/EXTI/EXTI_prog.o  ./MCAL_Layer/EEPROM/EEPROM_prog.o  ./MCAL_Layer/DIO/DIO_prog.o  ./MCAL_Layer/ADC/ADC_prog.o  ./HAL_Layer/SERVO_MOTOR/Servo_Motor_prog.o  ./HAL_Layer/LM35/LM35_prog.o  ./HAL_Layer/LED/LED_prog.o  ./HAL_Layer/LDR/LDR_prog.o  ./HAL_Layer/KPD/KPD_prog.o  ./HAL_Layer/CLCD/CLCD_prog.o  ./APP_Layer/SECURITY/SECURITY_prog.o  ./APP_Layer/Smart_Room.o  sizedummy  Smart_Room.lss  ./MCAL_Layer/USART/USART_prog.d  ./MCAL_Layer/TIMER/TIMER_program.d  ./MCAL_Layer/GIE/GIE_prog.d  ./MCAL_Layer/EXTI/EXTI_prog.d  ./MCAL_Layer/EEPROM/EEPROM_prog.d  ./MCAL_Layer/DIO/DIO_prog.d  ./MCAL_Layer/ADC/ADC_prog.d  ./HAL_Layer/SERVO_MOTOR/Servo_Motor_prog.d  ./HAL_Layer/LM35/LM35_prog.d  ./HAL_Layer/LED/LED_prog.d  ./HAL_Layer/LDR/LDR_prog.d  ./HAL_Layer/KPD/KPD_prog.d  ./HAL_Layer/CLCD/CLCD_prog.d  ./APP_Layer/SECURITY/SECURITY_prog.d  ./APP_Layer/Smart_Room.d  Smart_Room.elf
 
00:00:46 **** Build of configuration Debug for project Smart_Room ****
make all 
Building file: ../MCAL_Layer/USART/USART_prog.c
Invoking: AVR Compiler
avr-gcc -Wall -g2 -gstabs -O0 -fpack-struct -fshort-enums -ffunction-sections -fdata-sections -std=gnu99 -funsigned-char -funsigned-bitfields -mmcu=atmega32 -DF_CPU=8000000UL -MMD -MP -MF"MCAL_Layer/USART/USART_prog.d" -MT"MCAL_Layer/USART/USART_prog.o" -c -o "MCAL_Layer/USART/USART_prog.o" "../MCAL_Layer/USART/USART_prog.c"
In file included from ../MCAL_Layer/USART/USART_prog.c:13:
c:/winavr-20100110/lib/gcc/../../avr/include/util/delay.h:90:3: warning: #warning "Compiler optimizations disabled; functions from <util/delay.h> won't work as designed"
Finished building: ../MCAL_Layer/USART/USART_prog.c
 
Building file: ../MCAL_Layer/TIMER/TIMER_program.c
Invoking: AVR Compiler
avr-gcc -Wall -g2 -gstabs -O0 -fpack-struct -fshort-enums -ffunction-sections -fdata-sections -std=gnu99 -funsigned-char -funsigned-bitfields -mmcu=atmega32 -DF_CPU=8000000UL -MMD -MP -MF"MCAL_Layer/TIMER/TIMER_program.d" -MT"MCAL_Layer/TIMER/TIMER_program.o" -c -o "MCAL_Layer/TIMER/TIMER_program.o" "../MCAL_Layer/TIMER/TIMER_program.c"
Finished building: ../MCAL_Layer/TIMER/TIMER_program.c
 
Building file: ../MCAL_Layer/GIE/GIE_prog.c
Invoking: AVR Compiler
avr-gcc -Wall -g2 -gstabs -O0 -fpack-struct -fshort-enums -ffunction-sections -fdata-sections -std=gnu99 -funsigned-char -funsigned-bitfields -mmcu=atmega32 -DF_CPU=8000000UL -MMD -MP -MF"MCAL_Layer/GIE/GIE_prog.d" -MT"MCAL_Layer/GIE/GIE_prog.o" -c -o "MCAL_Layer/GIE/GIE_prog.o" "../MCAL_Layer/GIE/GIE_prog.c"
Finished building: ../MCAL_Layer/GIE/GIE_prog.c
 
Building file: ../MCAL_Layer/EXTI/EXTI_prog.c
Invoking: AVR Compiler
avr-gcc -Wall -g2 -gstabs -O0 -fpack-struct -fshort-enums -ffunction-sections -fdata-sections -std=gnu99 -funsigned-char -funsigned-bitfields -mmcu=atmega32 -DF_CPU=8000000UL -MMD -MP -MF"MCAL_Layer/EXTI/EXTI_prog.d" -MT"MCAL_Layer/EXTI/EXTI_prog.o" -c -o "MCAL_Layer/EXTI/EXTI_prog.o" "../MCAL_Layer/EXTI/EXTI_prog.c"
../MCAL_Layer/EXTI/EXTI_prog.c: In function 'EXTI_vSetSignal':
../MCAL_Layer/EXTI/EXTI_prog.c:119: warning: suggest parentheses around + or - inside shift
../MCAL_Layer/EXTI/EXTI_prog.c:123: warning: suggest parentheses around + or - inside shift
../MCAL_Layer/EXTI/EXTI_prog.c:127: warning: suggest parentheses around + or - inside shift
../MCAL_Layer/EXTI/EXTI_prog.c:131: warning: suggest parentheses around + or - inside shift
Finished building: ../MCAL_Layer/EXTI/EXTI_prog.c
 
Building file: ../MCAL_Layer/EEPROM/EEPROM_prog.c
Invoking: AVR Compiler
avr-gcc -Wall -g2 -gstabs -O0 -fpack-struct -fshort-enums -ffunction-sections -fdata-sections -std=gnu99 -funsigned-char -funsigned-bitfields -mmcu=atmega32 -DF_CPU=8000000UL -MMD -MP -MF"MCAL_Layer/EEPROM/EEPROM_prog.d" -MT"MCAL_Layer/EEPROM/EEPROM_prog.o" -c -o "MCAL_Layer/EEPROM/EEPROM_prog.o" "../MCAL_Layer/EEPROM/EEPROM_prog.c"
Finished building: ../MCAL_Layer/EEPROM/EEPROM_prog.c
 
Building file: ../MCAL_Layer/DIO/DIO_prog.c
Invoking: AVR Compiler
avr-gcc -Wall -g2 -gstabs -O0 -fpack-struct -fshort-enums -ffunction-sections -fdata-sections -std=gnu99 -funsigned-char -funsigned-bitfields -mmcu=atmega32 -DF_CPU=8000000UL -MMD -MP -MF"MCAL_Layer/DIO/DIO_prog.d" -MT"MCAL_Layer/DIO/DIO_prog.o" -c -o "MCAL_Layer/DIO/DIO_prog.o" "../MCAL_Layer/DIO/DIO_prog.c"
Finished building: ../MCAL_Layer/DIO/DIO_prog.c
 
Building file: ../MCAL_Layer/ADC/ADC_prog.c
Invoking: AVR Compiler
avr-gcc -Wall -g2 -gstabs -O0 -fpack-struct -fshort-enums -ffunction-sections -fdata-sections -std=gnu99 -funsigned-char -funsigned-bitfields -mmcu=atmega32 -DF_CPU=8000000UL -MMD -MP -MF"MCAL_Layer/ADC/ADC_prog.d" -MT"MCAL_Layer/ADC/ADC_prog.o" -c -o "MCAL_Layer/ADC/ADC_prog.o" "../MCAL_Layer/ADC/ADC_prog.c"
Finished building: ../MCAL_Layer/ADC/ADC_prog.c
 
Building file: ../HAL_Layer/SERVO_MOTOR/Servo_Motor_prog.c
Invoking: AVR Compiler
avr-gcc -Wall -g2 -gstabs -O0 -fpack-struct -fshort-enums -ffunction-sections -fdata-sections -std=gnu99 -funsigned-char -funsigned-bitfields -mmcu=atmega32 -DF_CPU=8000000UL -MMD -MP -MF"HAL_Layer/SERVO_MOTOR/Servo_Motor_prog.d" -MT"HAL_Layer/SERVO_MOTOR/Servo_Motor_prog.o" -c -o "HAL_Layer/SERVO_MOTOR/Servo_Motor_prog.o" "../HAL_Layer/SERVO_MOTOR/Servo_Motor_prog.c"
../HAL_Layer/SERVO_MOTOR/Servo_Motor_prog.c: In function 'SM_vTimer1Degree':
../HAL_Layer/SERVO_MOTOR/Servo_Motor_prog.c:30: warning: comparisons like X<=Y<=Z do not have their mathematical meaning
../HAL_Layer/SERVO_MOTOR/Servo_Motor_prog.c:34: warning: comparisons like X<=Y<=Z do not have their mathematical meaning
Finished building: ../HAL_Layer/SERVO_MOTOR/Servo_Motor_prog.c
 
Building file: ../HAL_Layer/LM35/LM35_prog.c
Invoking: AVR Compiler
avr-gcc -Wall -g2 -gstabs -O0 -fpack-struct -fshort-enums -ffunction-sections -fdata-sections -std=gnu99 -funsigned-char -funsigned-bitfields -mmcu=atmega32 -DF_CPU=8000000UL -MMD -MP -MF"HAL_Layer/LM35/LM35_prog.d" -MT"HAL_Layer/LM35/LM35_prog.o" -c -o "HAL_Layer/LM35/LM35_prog.o" "../HAL_Layer/LM35/LM35_prog.c"
Finished building: ../HAL_Layer/LM35/LM35_prog.c
 
Building file: ../HAL_Layer/LED/LED_prog.c
Invoking: AVR Compiler
avr-gcc -Wall -g2 -gstabs -O0 -fpack-struct -fshort-enums -ffunction-sections -fdata-sections -std=gnu99 -funsigned-char -funsigned-bitfields -mmcu=atmega32 -DF_CPU=8000000UL -MMD -MP -MF"HAL_Layer/LED/LED_prog.d" -MT"HAL_Layer/LED/LED_prog.o" -c -o "HAL_Layer/LED/LED_prog.o" "../HAL_Layer/LED/LED_prog.c"
Finished building: ../HAL_Layer/LED/LED_prog.c
 
Building file: ../HAL_Layer/LDR/LDR_prog.c
Invoking: AVR Compiler
avr-gcc -Wall -g2 -gstabs -O0 -fpack-struct -fshort-enums -ffunction-sections -fdata-sections -std=gnu99 -funsigned-char -funsigned-bitfields -mmcu=atmega32 -DF_CPU=8000000UL -MMD -MP -MF"HAL_Layer/LDR/LDR_prog.d" -MT"HAL_Layer/LDR/LDR_prog.o" -c -o "HAL_Layer/LDR/LDR_prog.o" "../HAL_Layer/LDR/LDR_prog.c"
../HAL_Layer/LDR/LDR_prog.c: In function 'LDR_u8GetLightPres':
../HAL_Layer/LDR/LDR_prog.c:33: warning: unused variable 'Local_u16AnalogSignal'
Finished building: ../HAL_Layer/LDR/LDR_prog.c
 
Building file: ../HAL_Layer/KPD/KPD_prog.c
Invoking: AVR Compiler
avr-gcc -Wall -g2 -gstabs -O0 -fpack-struct -fshort-enums -ffunction-sections -fdata-sections -std=gnu99 -funsigned-char -funsigned-bitfields -mmcu=atmega32 -DF_CPU=8000000UL -MMD -MP -MF"HAL_Layer/KPD/KPD_prog.d" -MT"HAL_Layer/KPD/KPD_prog.o" -c -o "HAL_Layer/KPD/KPD_prog.o" "../HAL_Layer/KPD/KPD_prog.c"
In file included from ../HAL_Layer/KPD/KPD_prog.c:13:
c:/winavr-20100110/lib/gcc/../../avr/include/util/delay.h:90:3: warning: #warning "Compiler optimizations disabled; functions from <util/delay.h> won't work as designed"
Finished building: ../HAL_Layer/KPD/KPD_prog.c
 
Building file: ../HAL_Layer/CLCD/CLCD_prog.c
Invoking: AVR Compiler
avr-gcc -Wall -g2 -gstabs -O0 -fpack-struct -fshort-enums -ffunction-sections -fdata-sections -std=gnu99 -funsigned-char -funsigned-bitfields -mmcu=atmega32 -DF_CPU=8000000UL -MMD -MP -MF"HAL_Layer/CLCD/CLCD_prog.d" -MT"HAL_Layer/CLCD/CLCD_prog.o" -c -o "HAL_Layer/CLCD/CLCD_prog.o" "../HAL_Layer/CLCD/CLCD_prog.c"
In file included from ../HAL_Layer/CLCD/CLCD_prog.c:11:
c:/winavr-20100110/lib/gcc/../../avr/include/util/delay.h:90:3: warning: #warning "Compiler optimizations disabled; functions from <util/delay.h> won't work as designed"
Finished building: ../HAL_Layer/CLCD/CLCD_prog.c
 
Building file: ../APP_Layer/SECURITY/SECURITY_prog.c
Invoking: AVR Compiler
avr-gcc -Wall -g2 -gstabs -O0 -fpack-struct -fshort-enums -ffunction-sections -fdata-sections -std=gnu99 -funsigned-char -funsigned-bitfields -mmcu=atmega32 -DF_CPU=8000000UL -MMD -MP -MF"APP_Layer/SECURITY/SECURITY_prog.d" -MT"APP_Layer/SECURITY/SECURITY_prog.o" -c -o "APP_Layer/SECURITY/SECURITY_prog.o" "../APP_Layer/SECURITY/SECURITY_prog.c"
In file included from ../APP_Layer/SECURITY/SECURITY_prog.c:8:
c:/winavr-20100110/lib/gcc/../../avr/include/util/delay.h:90:3: warning: #warning "Compiler optimizations disabled; functions from <util/delay.h> won't work as designed"
../APP_Layer/SECURITY/SECURITY_prog.c: In function 'EEPROM_vInit':
../APP_Layer/SECURITY/SECURITY_prog.c:69: warning: pointer targets in passing argument 1 of 'CLCD_vSendString' differ in signedness
../APP_Layer/SECURITY/SECURITY_prog.c:87: warning: pointer targets in passing argument 1 of 'CLCD_vSendString' differ in signedness
../APP_Layer/SECURITY/SECURITY_prog.c: In function 'UserName_Set':
../APP_Layer/SECURITY/SECURITY_prog.c:118: warning: pointer targets in passing argument 1 of 'CLCD_vSendString' differ in signedness
../APP_Layer/SECURITY/SECURITY_prog.c:120: warning: pointer targets in passing argument 1 of 'CLCD_vSendString' differ in signedness
../APP_Layer/SECURITY/SECURITY_prog.c:124: warning: pointer targets in passing argument 1 of 'CLCD_vSendString' differ in signedness
../APP_Layer/SECURITY/SECURITY_prog.c:148: warning: pointer targets in passing argument 1 of 'CLCD_vSendString' differ in signedness
../APP_Layer/SECURITY/SECURITY_prog.c:150: warning: pointer targets in passing argument 1 of 'CLCD_vSendString' differ in signedness
../APP_Layer/SECURITY/SECURITY_prog.c:152: warning: pointer targets in passing argument 1 of 'CLCD_vSendString' differ in signedness
../APP_Layer/SECURITY/SECURITY_prog.c:155: warning: pointer targets in passing argument 1 of 'CLCD_vSendString' differ in signedness
../APP_Layer/SECURITY/SECURITY_prog.c:169: warning: passing argument 1 of 'USART_u8ReceiveData' discards qualifiers from pointer target type
../APP_Layer/SECURITY/SECURITY_prog.c:181: warning: pointer targets in passing argument 1 of 'CLCD_vSendString' differ in signedness
../APP_Layer/SECURITY/SECURITY_prog.c:183: warning: pointer targets in passing argument 1 of 'CLCD_vSendString' differ in signedness
../APP_Layer/SECURITY/SECURITY_prog.c:187: warning: pointer targets in passing argument 1 of 'CLCD_vSendString' differ in signedness
../APP_Layer/SECURITY/SECURITY_prog.c:281: warning: passing argument 1 of 'USART_u8ReceiveData' discards qualifiers from pointer target type
../APP_Layer/SECURITY/SECURITY_prog.c: In function 'PassWord_Set':
../APP_Layer/SECURITY/SECURITY_prog.c:377: warning: pointer targets in passing argument 1 of 'CLCD_vSendString' differ in signedness
../APP_Layer/SECURITY/SECURITY_prog.c:379: warning: pointer targets in passing argument 1 of 'CLCD_vSendString' differ in signedness
../APP_Layer/SECURITY/SECURITY_prog.c:383: warning: pointer targets in passing argument 1 of 'CLCD_vSendString' differ in signedness
../APP_Layer/SECURITY/SECURITY_prog.c:404: warning: pointer targets in passing argument 1 of 'CLCD_vSendString' differ in signedness
../APP_Layer/SECURITY/SECURITY_prog.c:406: warning: pointer targets in passing argument 1 of 'CLCD_vSendString' differ in signedness
../APP_Layer/SECURITY/SECURITY_prog.c:408: warning: pointer targets in passing argument 1 of 'CLCD_vSendString' differ in signedness
../APP_Layer/SECURITY/SECURITY_prog.c:411: warning: pointer targets in passing argument 1 of 'CLCD_vSendString' differ in signedness
../APP_Layer/SECURITY/SECURITY_prog.c:425: warning: passing argument 1 of 'USART_u8ReceiveData' discards qualifiers from pointer target type
../APP_Layer/SECURITY/SECURITY_prog.c:437: warning: pointer targets in passing argument 1 of 'CLCD_vSendString' differ in signedness
../APP_Layer/SECURITY/SECURITY_prog.c:439: warning: pointer targets in passing argument 1 of 'CLCD_vSendString' differ in signedness
../APP_Layer/SECURITY/SECURITY_prog.c:443: warning: pointer targets in passing argument 1 of 'CLCD_vSendString' differ in signedness
../APP_Layer/SECURITY/SECURITY_prog.c:549: warning: passing argument 1 of 'USART_u8ReceiveData' discards qualifiers from pointer target type
../APP_Layer/SECURITY/SECURITY_prog.c: In function 'UserName_Check':
../APP_Layer/SECURITY/SECURITY_prog.c:644: warning: pointer targets in passing argument 1 of 'CLCD_vSendString' differ in signedness
../APP_Layer/SECURITY/SECURITY_prog.c:734: warning: passing argument 1 of 'USART_u8ReceiveData' discards qualifiers from pointer target type
../APP_Layer/SECURITY/SECURITY_prog.c: In function 'PassWord_Check':
../APP_Layer/SECURITY/SECURITY_prog.c:849: warning: pointer targets in passing argument 1 of 'CLCD_vSendString' differ in signedness
../APP_Layer/SECURITY/SECURITY_prog.c:935: warning: passing argument 1 of 'USART_u8ReceiveData' discards qualifiers from pointer target type
../APP_Layer/SECURITY/SECURITY_prog.c: In function 'Sign_In':
../APP_Layer/SECURITY/SECURITY_prog.c:1053: warning: pointer targets in passing argument 1 of 'CLCD_vSendString' differ in signedness
../APP_Layer/SECURITY/SECURITY_prog.c:1055: warning: pointer targets in passing argument 1 of 'CLCD_vSendString' differ in signedness
../APP_Layer/SECURITY/SECURITY_prog.c:1069: warning: pointer targets in passing argument 1 of 'CLCD_vSendString' differ in signedness
../APP_Layer/SECURITY/SECURITY_prog.c:1083: warning: pointer targets in passing argument 1 of 'CLCD_vSendString' differ in signedness
../APP_Layer/SECURITY/SECURITY_prog.c:1100: warning: pointer targets in passing argument 1 of 'CLCD_vSendString' differ in signedness
../APP_Layer/SECURITY/SECURITY_prog.c:1102: warning: pointer targets in passing argument 1 of 'CLCD_vSendString' differ in signedness
../APP_Layer/SECURITY/SECURITY_prog.c: In function 'Error_TimeOut':
../APP_Layer/SECURITY/SECURITY_prog.c:1122: warning: pointer targets in passing argument 1 of 'CLCD_vSendString' differ in signedness
Finished building: ../APP_Layer/SECURITY/SECURITY_prog.c
 
Building file: ../APP_Layer/Smart_Room.c
Invoking: AVR Compiler
avr-gcc -Wall -g2 -gstabs -O0 -fpack-struct -fshort-enums -ffunction-sections -fdata-sections -std=gnu99 -funsigned-char -funsigned-bitfields -mmcu=atmega32 -DF_CPU=8000000UL -MMD -MP -MF"APP_Layer/Smart_Room.d" -MT"APP_Layer/Smart_Room.o" -c -o "APP_Layer/Smart_Room.o" "../APP_Layer/Smart_Room.c"
In file included from ../APP_Layer/Smart_Room.c:7:
c:/winavr-20100110/lib/gcc/../../avr/include/util/delay.h:90:3: warning: #warning "Compiler optimizations disabled; functions from <util/delay.h> won't work as designed"
../APP_Layer/Smart_Room.c:90: warning: return type of 'main' is not 'int'
../APP_Layer/Smart_Room.c: In function 'main':
../APP_Layer/Smart_Room.c:123: warning: implicit declaration of function 'SM_vInit'
../APP_Layer/Smart_Room.c:124: warning: implicit declaration of function 'SM_vTimer1Degree'
../APP_Layer/Smart_Room.c:142: warning: pointer targets in passing argument 1 of 'CLCD_vSendString' differ in signedness
../APP_Layer/Smart_Room.c:145: warning: passing argument 1 of 'USART_u8ReceiveData' discards qualifiers from pointer target type
../APP_Layer/Smart_Room.c:161: warning: pointer targets in passing argument 1 of 'CLCD_vSendString' differ in signedness
../APP_Layer/Smart_Room.c: In function 'Room':
../APP_Layer/Smart_Room.c:181: warning: pointer targets in passing argument 1 of 'CLCD_vSendString' differ in signedness
../APP_Layer/Smart_Room.c:183: warning: pointer targets in passing argument 1 of 'CLCD_vSendString' differ in signedness
../APP_Layer/Smart_Room.c:185: warning: pointer targets in passing argument 1 of 'CLCD_vSendString' differ in signedness
../APP_Layer/Smart_Room.c:187: warning: pointer targets in passing argument 1 of 'CLCD_vSendString' differ in signedness
../APP_Layer/Smart_Room.c:193: warning: pointer targets in passing argument 1 of 'CLCD_vSendString' differ in signedness
../APP_Layer/Smart_Room.c:195: warning: pointer targets in passing argument 1 of 'CLCD_vSendString' differ in signedness
../APP_Layer/Smart_Room.c:197: warning: pointer targets in passing argument 1 of 'CLCD_vSendString' differ in signedness
../APP_Layer/Smart_Room.c:199: warning: pointer targets in passing argument 1 of 'CLCD_vSendString' differ in signedness
../APP_Layer/Smart_Room.c:209: warning: passing argument 1 of 'USART_u8ReceiveData' discards qualifiers from pointer target type
../APP_Layer/Smart_Room.c:248: warning: pointer targets in passing argument 1 of 'CLCD_vSendString' differ in signedness
../APP_Layer/Smart_Room.c:250: warning: pointer targets in passing argument 1 of 'CLCD_vSendString' differ in signedness
../APP_Layer/Smart_Room.c:252: warning: pointer targets in passing argument 1 of 'CLCD_vSendString' differ in signedness
../APP_Layer/Smart_Room.c:254: warning: pointer targets in passing argument 1 of 'CLCD_vSendString' differ in signedness
../APP_Layer/Smart_Room.c:260: warning: pointer targets in passing argument 1 of 'CLCD_vSendString' differ in signedness
../APP_Layer/Smart_Room.c:262: warning: pointer targets in passing argument 1 of 'CLCD_vSendString' differ in signedness
../APP_Layer/Smart_Room.c:264: warning: pointer targets in passing argument 1 of 'CLCD_vSendString' differ in signedness
../APP_Layer/Smart_Room.c:266: warning: pointer targets in passing argument 1 of 'CLCD_vSendString' differ in signedness
../APP_Layer/Smart_Room.c:290: warning: pointer targets in passing argument 1 of 'CLCD_vSendString' differ in signedness
../APP_Layer/Smart_Room.c: In function 'ROOM_LampOne':
../APP_Layer/Smart_Room.c:307: warning: pointer targets in passing argument 1 of 'CLCD_vSendString' differ in signedness
../APP_Layer/Smart_Room.c:309: warning: pointer targets in passing argument 1 of 'CLCD_vSendString' differ in signedness
../APP_Layer/Smart_Room.c:313: warning: passing argument 2 of 'LDR_u8GetLightPres' discards qualifiers from pointer target type
../APP_Layer/Smart_Room.c:319: warning: pointer targets in passing argument 1 of 'CLCD_vSendString' differ in signedness
../APP_Layer/Smart_Room.c:327: warning: pointer targets in passing argument 1 of 'CLCD_vSendString' differ in signedness
../APP_Layer/Smart_Room.c:328: warning: passing argument 1 of 'USART_u8ReceiveData' discards qualifiers from pointer target type
../APP_Layer/Smart_Room.c:340: warning: pointer targets in passing argument 1 of 'CLCD_vSendString' differ in signedness
../APP_Layer/Smart_Room.c:342: warning: pointer targets in passing argument 1 of 'CLCD_vSendString' differ in signedness
../APP_Layer/Smart_Room.c:344: warning: pointer targets in passing argument 1 of 'CLCD_vSendString' differ in signedness
../APP_Layer/Smart_Room.c:346: warning: pointer targets in passing argument 1 of 'CLCD_vSendString' differ in signedness
../APP_Layer/Smart_Room.c:359: warning: pointer targets in passing argument 1 of 'USART_u8SendStringSynch' differ in signedness
../APP_Layer/Smart_Room.c:374: warning: pointer targets in passing argument 1 of 'CLCD_vSendString' differ in signedness
../APP_Layer/Smart_Room.c:376: warning: passing argument 1 of 'USART_u8ReceiveData' discards qualifiers from pointer target type
../APP_Layer/Smart_Room.c:389: warning: pointer targets in passing argument 1 of 'CLCD_vSendString' differ in signedness
../APP_Layer/Smart_Room.c:391: warning: pointer targets in passing argument 1 of 'CLCD_vSendString' differ in signedness
../APP_Layer/Smart_Room.c:393: warning: pointer targets in passing argument 1 of 'CLCD_vSendString' differ in signedness
../APP_Layer/Smart_Room.c:395: warning: pointer targets in passing argument 1 of 'CLCD_vSendString' differ in signedness
../APP_Layer/Smart_Room.c:408: warning: pointer targets in passing argument 1 of 'CLCD_vSendString' differ in signedness
../APP_Layer/Smart_Room.c: In function 'ROOM_LampTwo':
../APP_Layer/Smart_Room.c:428: warning: pointer targets in passing argument 1 of 'CLCD_vSendString' differ in signedness
../APP_Layer/Smart_Room.c:430: warning: pointer targets in passing argument 1 of 'CLCD_vSendString' differ in signedness
../APP_Layer/Smart_Room.c:434: warning: passing argument 2 of 'LDR_u8GetLightPres' discards qualifiers from pointer target type
../APP_Layer/Smart_Room.c:440: warning: pointer targets in passing argument 1 of 'CLCD_vSendString' differ in signedness
../APP_Layer/Smart_Room.c:448: warning: pointer targets in passing argument 1 of 'CLCD_vSendString' differ in signedness
../APP_Layer/Smart_Room.c:449: warning: passing argument 1 of 'USART_u8ReceiveData' discards qualifiers from pointer target type
../APP_Layer/Smart_Room.c:461: warning: pointer targets in passing argument 1 of 'CLCD_vSendString' differ in signedness
../APP_Layer/Smart_Room.c:463: warning: pointer targets in passing argument 1 of 'CLCD_vSendString' differ in signedness
../APP_Layer/Smart_Room.c:465: warning: pointer targets in passing argument 1 of 'CLCD_vSendString' differ in signedness
../APP_Layer/Smart_Room.c:467: warning: pointer targets in passing argument 1 of 'CLCD_vSendString' differ in signedness
../APP_Layer/Smart_Room.c:480: warning: pointer targets in passing argument 1 of 'USART_u8SendStringSynch' differ in signedness
../APP_Layer/Smart_Room.c:495: warning: pointer targets in passing argument 1 of 'CLCD_vSendString' differ in signedness
../APP_Layer/Smart_Room.c:497: warning: passing argument 1 of 'USART_u8ReceiveData' discards qualifiers from pointer target type
../APP_Layer/Smart_Room.c:510: warning: pointer targets in passing argument 1 of 'CLCD_vSendString' differ in signedness
../APP_Layer/Smart_Room.c:512: warning: pointer targets in passing argument 1 of 'CLCD_vSendString' differ in signedness
../APP_Layer/Smart_Room.c:514: warning: pointer targets in passing argument 1 of 'CLCD_vSendString' differ in signedness
../APP_Layer/Smart_Room.c:516: warning: pointer targets in passing argument 1 of 'CLCD_vSendString' differ in signedness
../APP_Layer/Smart_Room.c:529: warning: pointer targets in passing argument 1 of 'CLCD_vSendString' differ in signedness
../APP_Layer/Smart_Room.c: In function 'ROOM_LampThree':
../APP_Layer/Smart_Room.c:549: warning: pointer targets in passing argument 1 of 'CLCD_vSendString' differ in signedness
../APP_Layer/Smart_Room.c:551: warning: pointer targets in passing argument 1 of 'CLCD_vSendString' differ in signedness
../APP_Layer/Smart_Room.c:555: warning: passing argument 2 of 'LDR_u8GetLightPres' discards qualifiers from pointer target type
../APP_Layer/Smart_Room.c:561: warning: pointer targets in passing argument 1 of 'CLCD_vSendString' differ in signedness
../APP_Layer/Smart_Room.c:569: warning: pointer targets in passing argument 1 of 'CLCD_vSendString' differ in signedness
../APP_Layer/Smart_Room.c:570: warning: passing argument 1 of 'USART_u8ReceiveData' discards qualifiers from pointer target type
../APP_Layer/Smart_Room.c:582: warning: pointer targets in passing argument 1 of 'CLCD_vSendString' differ in signedness
../APP_Layer/Smart_Room.c:584: warning: pointer targets in passing argument 1 of 'CLCD_vSendString' differ in signedness
../APP_Layer/Smart_Room.c:586: warning: pointer targets in passing argument 1 of 'CLCD_vSendString' differ in signedness
../APP_Layer/Smart_Room.c:588: warning: pointer targets in passing argument 1 of 'CLCD_vSendString' differ in signedness
../APP_Layer/Smart_Room.c:601: warning: pointer targets in passing argument 1 of 'USART_u8SendStringSynch' differ in signedness
../APP_Layer/Smart_Room.c:616: warning: pointer targets in passing argument 1 of 'CLCD_vSendString' differ in signedness
../APP_Layer/Smart_Room.c:618: warning: passing argument 1 of 'USART_u8ReceiveData' discards qualifiers from pointer target type
../APP_Layer/Smart_Room.c:630: warning: pointer targets in passing argument 1 of 'CLCD_vSendString' differ in signedness
../APP_Layer/Smart_Room.c:632: warning: pointer targets in passing argument 1 of 'CLCD_vSendString' differ in signedness
../APP_Layer/Smart_Room.c:634: warning: pointer targets in passing argument 1 of 'CLCD_vSendString' differ in signedness
../APP_Layer/Smart_Room.c:636: warning: pointer targets in passing argument 1 of 'CLCD_vSendString' differ in signedness
../APP_Layer/Smart_Room.c:649: warning: pointer targets in passing argument 1 of 'CLCD_vSendString' differ in signedness
../APP_Layer/Smart_Room.c: In function 'Room_vFan':
../APP_Layer/Smart_Room.c:669: warning: pointer targets in passing argument 1 of 'CLCD_vSendString' differ in signedness
../APP_Layer/Smart_Room.c:671: warning: pointer targets in passing argument 1 of 'CLCD_vSendString' differ in signedness
../APP_Layer/Smart_Room.c:672: warning: pointer targets in passing argument 1 of 'CLCD_vSendString' differ in signedness
../APP_Layer/Smart_Room.c:674: warning: pointer targets in passing argument 1 of 'CLCD_vSendString' differ in signedness
../APP_Layer/Smart_Room.c:675: warning: pointer targets in passing argument 1 of 'CLCD_vSendString' differ in signedness
../APP_Layer/Smart_Room.c:677: warning: pointer targets in passing argument 1 of 'CLCD_vSendString' differ in signedness
../APP_Layer/Smart_Room.c:681: warning: pointer targets in passing argument 1 of 'CLCD_vSendString' differ in signedness
../APP_Layer/Smart_Room.c:685: warning: passing argument 1 of 'USART_u8ReceiveData' discards qualifiers from pointer target type
../APP_Layer/Smart_Room.c:737: warning: pointer targets in passing argument 1 of 'CLCD_vSendString' differ in signedness
../APP_Layer/Smart_Room.c:739: warning: pointer targets in passing argument 1 of 'CLCD_vSendString' differ in signedness
../APP_Layer/Smart_Room.c:741: warning: pointer targets in passing argument 1 of 'CLCD_vSendString' differ in signedness
../APP_Layer/Smart_Room.c:743: warning: pointer targets in passing argument 1 of 'CLCD_vSendString' differ in signedness
../APP_Layer/Smart_Room.c:756: warning: pointer targets in passing argument 1 of 'CLCD_vSendString' differ in signedness
../APP_Layer/Smart_Room.c: In function 'Room_vSetting':
../APP_Layer/Smart_Room.c:772: warning: pointer targets in passing argument 1 of 'CLCD_vSendString' differ in signedness
../APP_Layer/Smart_Room.c:774: warning: pointer targets in passing argument 1 of 'CLCD_vSendString' differ in signedness
../APP_Layer/Smart_Room.c:776: warning: pointer targets in passing argument 1 of 'CLCD_vSendString' differ in signedness
../APP_Layer/Smart_Room.c:778: warning: pointer targets in passing argument 1 of 'CLCD_vSendString' differ in signedness
../APP_Layer/Smart_Room.c:781: warning: passing argument 1 of 'USART_u8ReceiveData' discards qualifiers from pointer target type
../APP_Layer/Smart_Room.c:790: warning: pointer targets in passing argument 1 of 'CLCD_vSendString' differ in signedness
../APP_Layer/Smart_Room.c:792: warning: pointer targets in passing argument 1 of 'CLCD_vSendString' differ in signedness
../APP_Layer/Smart_Room.c:794: warning: pointer targets in passing argument 1 of 'CLCD_vSendString' differ in signedness
../APP_Layer/Smart_Room.c:796: warning: pointer targets in passing argument 1 of 'CLCD_vSendString' differ in signedness
../APP_Layer/Smart_Room.c:804: warning: pointer targets in passing argument 1 of 'CLCD_vSendString' differ in signedness
../APP_Layer/Smart_Room.c:806: warning: pointer targets in passing argument 1 of 'CLCD_vSendString' differ in signedness
../APP_Layer/Smart_Room.c:808: warning: pointer targets in passing argument 1 of 'CLCD_vSendString' differ in signedness
../APP_Layer/Smart_Room.c:810: warning: pointer targets in passing argument 1 of 'CLCD_vSendString' differ in signedness
../APP_Layer/Smart_Room.c:819: warning: pointer targets in passing argument 1 of 'CLCD_vSendString' differ in signedness
../APP_Layer/Smart_Room.c:821: warning: pointer targets in passing argument 1 of 'CLCD_vSendString' differ in signedness
../APP_Layer/Smart_Room.c:823: warning: pointer targets in passing argument 1 of 'CLCD_vSendString' differ in signedness
../APP_Layer/Smart_Room.c:825: warning: pointer targets in passing argument 1 of 'CLCD_vSendString' differ in signedness
../APP_Layer/Smart_Room.c:838: warning: pointer targets in passing argument 1 of 'CLCD_vSendString' differ in signedness
../APP_Layer/Smart_Room.c: In function 'Room_Door':
../APP_Layer/Smart_Room.c:855: warning: pointer targets in passing argument 1 of 'CLCD_vSendString' differ in signedness
../APP_Layer/Smart_Room.c:857: warning: pointer targets in passing argument 1 of 'CLCD_vSendString' differ in signedness
../APP_Layer/Smart_Room.c:858: warning: pointer targets in passing argument 1 of 'CLCD_vSendString' differ in signedness
../APP_Layer/Smart_Room.c:861: warning: passing argument 1 of 'USART_u8ReceiveData' discards qualifiers from pointer target type
../APP_Layer/Smart_Room.c:876: warning: pointer targets in passing argument 1 of 'CLCD_vSendString' differ in signedness
../APP_Layer/Smart_Room.c:878: warning: pointer targets in passing argument 1 of 'CLCD_vSendString' differ in signedness
../APP_Layer/Smart_Room.c:880: warning: pointer targets in passing argument 1 of 'CLCD_vSendString' differ in signedness
../APP_Layer/Smart_Room.c:882: warning: pointer targets in passing argument 1 of 'CLCD_vSendString' differ in signedness
../APP_Layer/Smart_Room.c:896: warning: pointer targets in passing argument 1 of 'CLCD_vSendString' differ in signedness
../APP_Layer/Smart_Room.c: In function 'Auto_Fan_Control':
../APP_Layer/Smart_Room.c:912: warning: pointer targets in passing argument 1 of 'CLCD_vSendString' differ in signedness
../APP_Layer/Smart_Room.c:914: warning: pointer targets in passing argument 1 of 'CLCD_vSendString' differ in signedness
../APP_Layer/Smart_Room.c:915: warning: pointer targets in passing argument 1 of 'CLCD_vSendString' differ in signedness
../APP_Layer/Smart_Room.c:919: warning: passing argument 1 of 'USART_u8ReceiveData' discards qualifiers from pointer target type
../APP_Layer/Smart_Room.c:947: warning: pointer targets in passing argument 1 of 'CLCD_vSendString' differ in signedness
../APP_Layer/Smart_Room.c: In function 'Fan_Speed':
../APP_Layer/Smart_Room.c:963: warning: passing argument 2 of 'LM35_u8GetTemp' discards qualifiers from pointer target type
../APP_Layer/Smart_Room.c: In function 'ISR_EXTI0_Interrupt':
../APP_Layer/Smart_Room.c:1102: warning: passing argument 2 of 'LDR_u8GetLightPres' discards qualifiers from pointer target type
../APP_Layer/Smart_Room.c:1113: warning: passing argument 2 of 'LDR_u8GetLightPres' discards qualifiers from pointer target type
../APP_Layer/Smart_Room.c:1124: warning: passing argument 2 of 'LDR_u8GetLightPres' discards qualifiers from pointer target type
../APP_Layer/Smart_Room.c: In function 'ISR_TIMER2_OVF_MODE':
../APP_Layer/Smart_Room.c:1157: warning: passing argument 2 of 'LDR_u8GetLightPres' discards qualifiers from pointer target type
../APP_Layer/Smart_Room.c:1169: warning: passing argument 2 of 'LDR_u8GetLightPres' discards qualifiers from pointer target type
../APP_Layer/Smart_Room.c:1181: warning: passing argument 2 of 'LDR_u8GetLightPres' discards qualifiers from pointer target type
Finished building: ../APP_Layer/Smart_Room.c
 
Building target: Smart_Room.elf
Invoking: AVR C Linker
avr-gcc -Wl,-Map,Smart_Room.map -mmcu=atmega32 -o "Smart_Room.elf"  ./MCAL_Layer/USART/USART_prog.o  ./MCAL_Layer/TIMER/TIMER_program.o  ./MCAL_Layer/GIE/GIE_prog.o  ./MCAL_Layer/EXTI/EXTI_prog.o  ./MCAL_Layer/EEPROM/EEPROM_prog.o  ./MCAL_Layer/DIO/DIO_prog.o  ./MCAL_Layer/ADC/ADC_prog.o  ./HAL_Layer/SERVO_MOTOR/Servo_Motor_prog.o  ./HAL_Layer/LM35/LM35_prog.o  ./HAL_Layer/LED/LED_prog.o  ./HAL_Layer/LDR/LDR_prog.o  ./HAL_Layer/KPD/KPD_prog.o  ./HAL_Layer/CLCD/CLCD_prog.o  ./APP_Layer/SECURITY/SECURITY_prog.o  ./APP_Layer/Smart_Room.o   
Finished building target: Smart_Room.elf
 
Invoking: AVR Create Extended Listing
avr-objdump -h -S Smart_Room.elf  >"Smart_Room.lss"
Finished building: Smart_Room.lss
 
Create Flash image (ihex format)
avr-objcopy -R .eeprom -R .fuse -R .lock -R .signature -O ihex Smart_Room.elf  "Smart_Room.hex"
Finished building: Smart_Room.hex
 
Invoking: Print Size
avr-size --format=avr --mcu=atmega32 Smart_Room.elf
AVR Memory Usage
----------------
Device: atmega32

Program:   32846 bytes (100.2% Full)
(.text + .data + .bootloader)

Data:       1166 bytes (56.9% Full)
(.data + .bss + .noinit)


Finished building: sizedummy
 
00:00:52 **** Incremental Build of configuration Debug for project Smart_Room ****
make all 
Invoking: Print Size
avr-size --format=avr --mcu=atmega32 Smart_Room.elf
AVR Memory Usage
----------------
Device: atmega32

Program:   32846 bytes (100.2% Full)
(.text + .data + .bootloader)

Data:       1166 bytes (56.9% Full)
(.data + .bss + .noinit)


Finished building: sizedummy
 
00:14:36 **** Incremental Build of configuration Debug for project Smart_Room ****
make all 
Invoking: Print Size
avr-size --format=avr --mcu=atmega32 Smart_Room.elf
AVR Memory Usage
----------------
Device: atmega32

Program:   32846 bytes (100.2% Full)
(.text + .data + .bootloader)

Data:       1166 bytes (56.9% Full)
(.data + .bss + .noinit)


Finished building: sizedummy
 
00:33:09 **** Incremental Build of configuration Debug for project Smart_Room ****
make all 
Invoking: Print Size
avr-size --format=avr --mcu=atmega32 Smart_Room.elf
AVR Memory Usage
----------------
Device: atmega32

Program:   32846 bytes (100.2% Full)
(.text + .data + .bootloader)

Data:       1166 bytes (56.9% Full)
(.data + .bss + .noinit)


Finished building: sizedummy
 
00:33:12 **** Incremental Build of configuration Debug for project Smart_Room ****
make all 
Invoking: Print Size
avr-size --format=avr --mcu=atmega32 Smart_Room.elf
AVR Memory Usage
----------------
Device: atmega32

Program:   32846 bytes (100.2% Full)
(.text + .data + .bootloader)

Data:       1166 bytes (56.9% Full)
(.data + .bss + .noinit)


Finished building: sizedummy
 
00:33:14 **** Incremental Build of configuration Debug for project Smart_Room ****
make all 
Invoking: Print Size
avr-size --format=avr --mcu=atmega32 Smart_Room.elf
AVR Memory Usage
----------------
Device: atmega32

Program:   32846 bytes (100.2% Full)
(.text + .data + .bootloader)

Data:       1166 bytes (56.9% Full)
(.data + .bss + .noinit)


Finished building: sizedummy
 
01:01:39 **** Build of configuration Debug for project Smart_Room ****
make all 
Invoking: Print Size
avr-size --format=avr --mcu=atmega32 Smart_Room.elf
AVR Memory Usage
----------------
Device: atmega32

Program:   32846 bytes (100.2% Full)
(.text + .data + .bootloader)

Data:       1166 bytes (56.9% Full)
(.data + .bss + .noinit)


Finished building: sizedummy
 
21:47:03 **** Build of configuration Debug for project Lecture_3_Test ****
make -j20 all 
arm-none-eabi-size  Lecture_3_Test.elf 
   text	   data	    bss	    dec	    hex	filename
   6588	    160	   1904	   8652	   21cc	Lecture_3_Test.elf
Finished building: default.size.stdout
 
21:48:17 **** Incremental Build of configuration Debug for project Lecture_3_Test ****
make -j20 all 
arm-none-eabi-gcc "../Src/main.c" -mcpu=cortex-m4 -std=gnu11 -g3 -DDEBUG -DSTM32 -DSTM32F4 -DSTM32F446RETx -DNUCLEO_F446RE -c -I../Inc -O0 -ffunction-sections -fdata-sections -Wall -fstack-usage -fcyclomatic-complexity -MMD -MP -MF"Src/main.d" -MT"Src/main.o" --specs=nano.specs -mfloat-abi=soft -mthumb -o "Src/main.o"
../Src/main.c: In function 'main':
../Src/main.c:116:17: warning: initialization of 'int' from 'const int *' makes integer from pointer without a cast [-Wint-conversion]
  116 |         int x = &var;
      |                 ^
../Src/main.c:116:13: warning: unused variable 'x' [-Wunused-variable]
  116 |         int x = &var;
      |             ^
arm-none-eabi-gcc -o "Lecture_3_Test.elf" @"objects.list"   -mcpu=cortex-m4 -T"D:\Embedded System\Embedded Codes\STM32 WorkSpace\Lecture_3_Test\STM32F446RETX_FLASH.ld" --specs=nosys.specs -Wl,-Map="Lecture_3_Test.map" -Wl,--gc-sections -static --specs=nano.specs -mfloat-abi=soft -mthumb -Wl,--start-group -lc -lm -Wl,--end-group
Finished building target: Lecture_3_Test.elf
 
arm-none-eabi-size  Lecture_3_Test.elf 
arm-none-eabi-objdump -h -S Lecture_3_Test.elf  > "Lecture_3_Test.list"
   text	   data	    bss	    dec	    hex	filename
   6588	    160	   1904	   8652	   21cc	Lecture_3_Test.elf
Finished building: default.size.stdout
 
Finished building: Lecture_3_Test.list
 
21:48:46 **** Incremental Build of configuration Debug for project Lecture_3_Test ****
make -j20 all 
arm-none-eabi-gcc "../Src/main.c" -mcpu=cortex-m4 -std=gnu11 -g3 -DDEBUG -DSTM32 -DSTM32F4 -DSTM32F446RETx -DNUCLEO_F446RE -c -I../Inc -O0 -ffunction-sections -fdata-sections -Wall -fstack-usage -fcyclomatic-complexity -MMD -MP -MF"Src/main.d" -MT"Src/main.o" --specs=nano.specs -mfloat-abi=soft -mthumb -o "Src/main.o"
../Src/main.c: In function 'main':
../Src/main.c:116:11: warning: initialization of 'int' from 'const int *' makes integer from pointer without a cast [-Wint-conversion]
  116 |   int x = &var;
      |           ^
../Src/main.c:116:7: warning: unused variable 'x' [-Wunused-variable]
  116 |   int x = &var;
      |       ^
arm-none-eabi-gcc -o "Lecture_3_Test.elf" @"objects.list"   -mcpu=cortex-m4 -T"D:\Embedded System\Embedded Codes\STM32 WorkSpace\Lecture_3_Test\STM32F446RETX_FLASH.ld" --specs=nosys.specs -Wl,-Map="Lecture_3_Test.map" -Wl,--gc-sections -static --specs=nano.specs -mfloat-abi=soft -mthumb -Wl,--start-group -lc -lm -Wl,--end-group
Finished building target: Lecture_3_Test.elf
 
arm-none-eabi-size  Lecture_3_Test.elf 
arm-none-eabi-objdump -h -S Lecture_3_Test.elf  > "Lecture_3_Test.list"
   text	   data	    bss	    dec	    hex	filename
   6588	    160	   1904	   8652	   21cc	Lecture_3_Test.elf
Finished building: default.size.stdout
 
Finished building: Lecture_3_Test.list
 
21:48:49 **** Incremental Build of configuration Debug for project Lecture_3_Test ****
make -j20 all 
arm-none-eabi-gcc "../Src/main.c" -mcpu=cortex-m4 -std=gnu11 -g3 -DDEBUG -DSTM32 -DSTM32F4 -DSTM32F446RETx -DNUCLEO_F446RE -c -I../Inc -O0 -ffunction-sections -fdata-sections -Wall -fstack-usage -fcyclomatic-complexity -MMD -MP -MF"Src/main.d" -MT"Src/main.o" --specs=nano.specs -mfloat-abi=soft -mthumb -o "Src/main.o"
../Src/main.c: In function 'main':
../Src/main.c:116:11: warning: initialization of 'int' from 'const int *' makes integer from pointer without a cast [-Wint-conversion]
  116 |   int x = &var;
      |           ^
../Src/main.c:116:7: warning: unused variable 'x' [-Wunused-variable]
  116 |   int x = &var;
      |       ^
arm-none-eabi-gcc -o "Lecture_3_Test.elf" @"objects.list"   -mcpu=cortex-m4 -T"D:\Embedded System\Embedded Codes\STM32 WorkSpace\Lecture_3_Test\STM32F446RETX_FLASH.ld" --specs=nosys.specs -Wl,-Map="Lecture_3_Test.map" -Wl,--gc-sections -static --specs=nano.specs -mfloat-abi=soft -mthumb -Wl,--start-group -lc -lm -Wl,--end-group
Finished building target: Lecture_3_Test.elf
 
arm-none-eabi-size  Lecture_3_Test.elf 
arm-none-eabi-objdump -h -S Lecture_3_Test.elf  > "Lecture_3_Test.list"
   text	   data	    bss	    dec	    hex	filename
   6588	    160	   1904	   8652	   21cc	Lecture_3_Test.elf
Finished building: default.size.stdout
 
Finished building: Lecture_3_Test.list
 
22:59:06 **** Build of configuration Debug for project Lecture_3_Test ****
make -j20 all 
arm-none-eabi-gcc "../Src/main.c" -mcpu=cortex-m4 -std=gnu11 -g3 -DDEBUG -DSTM32 -DSTM32F4 -DSTM32F446RETx -DNUCLEO_F446RE -c -I../Inc -O0 -ffunction-sections -fdata-sections -Wall -fstack-usage -fcyclomatic-complexity -MMD -MP -MF"Src/main.d" -MT"Src/main.o" --specs=nano.specs -mfloat-abi=soft -mthumb -o "Src/main.o"
../Src/main.c: In function 'main':
../Src/main.c:116:11: warning: initialization of 'int' from 'const int *' makes integer from pointer without a cast [-Wint-conversion]
  116 |   int x = &var;
      |           ^
../Src/main.c:116:7: warning: unused variable 'x' [-Wunused-variable]
  116 |   int x = &var;
      |       ^
arm-none-eabi-gcc -o "Lecture_3_Test.elf" @"objects.list"   -mcpu=cortex-m4 -T"D:\Embedded System\Embedded Codes\STM32 WorkSpace\Lecture_3_Test\STM32F446RETX_FLASH.ld" --specs=nosys.specs -Wl,-Map="Lecture_3_Test.map" -Wl,--gc-sections -static --specs=nano.specs -mfloat-abi=soft -mthumb -Wl,--start-group -lc -lm -Wl,--end-group
Finished building target: Lecture_3_Test.elf
 
arm-none-eabi-size  Lecture_3_Test.elf 
arm-none-eabi-objdump -h -S Lecture_3_Test.elf  > "Lecture_3_Test.list"
   text	   data	    bss	    dec	    hex	filename
   6588	    160	   1904	   8652	   21cc	Lecture_3_Test.elf
Finished building: default.size.stdout
 
Finished building: Lecture_3_Test.list
 
01:12:24 **** Build of configuration Debug for project Smart_Room ****
make all 
Invoking: Print Size
avr-size --format=avr --mcu=atmega32 Smart_Room.elf
AVR Memory Usage
----------------
Device: atmega32

Program:   32846 bytes (100.2% Full)
(.text + .data + .bootloader)

Data:       1166 bytes (56.9% Full)
(.data + .bss + .noinit)


Finished building: sizedummy
 
01:12:39 **** Incremental Build of configuration Debug for project Smart_Room ****
make all 
Invoking: Print Size
avr-size --format=avr --mcu=atmega32 Smart_Room.elf
AVR Memory Usage
----------------
Device: atmega32

Program:   32846 bytes (100.2% Full)
(.text + .data + .bootloader)

Data:       1166 bytes (56.9% Full)
(.data + .bss + .noinit)


Finished building: sizedummy
 
01:25:31 **** Incremental Build of configuration Debug for project Smart_Room ****
make all 
Invoking: Print Size
avr-size --format=avr --mcu=atmega32 Smart_Room.elf
AVR Memory Usage
----------------
Device: atmega32

Program:   32846 bytes (100.2% Full)
(.text + .data + .bootloader)

Data:       1166 bytes (56.9% Full)
(.data + .bss + .noinit)


Finished building: sizedummy
 
01:30:29 **** Build of configuration Debug for project Smart_Room ****
make all 
Invoking: Print Size
avr-size --format=avr --mcu=atmega32 Smart_Room.elf
AVR Memory Usage
----------------
Device: atmega32

Program:   32846 bytes (100.2% Full)
(.text + .data + .bootloader)

Data:       1166 bytes (56.9% Full)
(.data + .bss + .noinit)


Finished building: sizedummy
 
01:30:35 **** Incremental Build of configuration Debug for project Smart_Room ****
make all 
Invoking: Print Size
avr-size --format=avr --mcu=atmega32 Smart_Room.elf
AVR Memory Usage
----------------
Device: atmega32

Program:   32846 bytes (100.2% Full)
(.text + .data + .bootloader)

Data:       1166 bytes (56.9% Full)
(.data + .bss + .noinit)


Finished building: sizedummy
 
01:32:41 **** Incremental Build of configuration Debug for project Smart_Room ****
make all 
Invoking: Print Size
avr-size --format=avr --mcu=atmega32 Smart_Room.elf
AVR Memory Usage
----------------
Device: atmega32

Program:   32846 bytes (100.2% Full)
(.text + .data + .bootloader)

Data:       1166 bytes (56.9% Full)
(.data + .bss + .noinit)


Finished building: sizedummy
 
01:50:45 **** Incremental Build of configuration Debug for project Smart_Room ****
make all 
Invoking: Print Size
avr-size --format=avr --mcu=atmega32 Smart_Room.elf
AVR Memory Usage
----------------
Device: atmega32

Program:   32846 bytes (100.2% Full)
(.text + .data + .bootloader)

Data:       1166 bytes (56.9% Full)
(.data + .bss + .noinit)


Finished building: sizedummy
 
01:54:04 **** Incremental Build of configuration Debug for project Smart_Room ****
make all 
Invoking: Print Size
avr-size --format=avr --mcu=atmega32 Smart_Room.elf
AVR Memory Usage
----------------
Device: atmega32

Program:   32846 bytes (100.2% Full)
(.text + .data + .bootloader)

Data:       1166 bytes (56.9% Full)
(.data + .bss + .noinit)


Finished building: sizedummy
 
02:07:43 **** Incremental Build of configuration Debug for project Smart_Room ****
make all 
Building file: ../APP_Layer/Smart_Room.c
Invoking: AVR Compiler
avr-gcc -Wall -g2 -gstabs -O0 -fpack-struct -fshort-enums -ffunction-sections -fdata-sections -std=gnu99 -funsigned-char -funsigned-bitfields -mmcu=atmega32 -DF_CPU=8000000UL -MMD -MP -MF"APP_Layer/Smart_Room.d" -MT"APP_Layer/Smart_Room.o" -c -o "APP_Layer/Smart_Room.o" "../APP_Layer/Smart_Room.c"
In file included from ../APP_Layer/Smart_Room.c:7:
c:/winavr-20100110/lib/gcc/../../avr/include/util/delay.h:90:3: warning: #warning "Compiler optimizations disabled; functions from <util/delay.h> won't work as designed"
../APP_Layer/Smart_Room.c:90: warning: return type of 'main' is not 'int'
../APP_Layer/Smart_Room.c: In function 'main':
../APP_Layer/Smart_Room.c:123: warning: implicit declaration of function 'SM_vInit'
../APP_Layer/Smart_Room.c:124: warning: implicit declaration of function 'SM_vTimer1Degree'
../APP_Layer/Smart_Room.c:142: warning: pointer targets in passing argument 1 of 'CLCD_vSendString' differ in signedness
../APP_Layer/Smart_Room.c:145: warning: passing argument 1 of 'USART_u8ReceiveData' discards qualifiers from pointer target type
../APP_Layer/Smart_Room.c:161: warning: pointer targets in passing argument 1 of 'CLCD_vSendString' differ in signedness
../APP_Layer/Smart_Room.c: In function 'Room':
../APP_Layer/Smart_Room.c:181: warning: pointer targets in passing argument 1 of 'CLCD_vSendString' differ in signedness
../APP_Layer/Smart_Room.c:183: warning: pointer targets in passing argument 1 of 'CLCD_vSendString' differ in signedness
../APP_Layer/Smart_Room.c:185: warning: pointer targets in passing argument 1 of 'CLCD_vSendString' differ in signedness
../APP_Layer/Smart_Room.c:187: warning: pointer targets in passing argument 1 of 'CLCD_vSendString' differ in signedness
../APP_Layer/Smart_Room.c:193: warning: pointer targets in passing argument 1 of 'CLCD_vSendString' differ in signedness
../APP_Layer/Smart_Room.c:195: warning: pointer targets in passing argument 1 of 'CLCD_vSendString' differ in signedness
../APP_Layer/Smart_Room.c:197: warning: pointer targets in passing argument 1 of 'CLCD_vSendString' differ in signedness
../APP_Layer/Smart_Room.c:199: warning: pointer targets in passing argument 1 of 'CLCD_vSendString' differ in signedness
../APP_Layer/Smart_Room.c:209: warning: passing argument 1 of 'USART_u8ReceiveData' discards qualifiers from pointer target type
../APP_Layer/Smart_Room.c:248: warning: pointer targets in passing argument 1 of 'CLCD_vSendString' differ in signedness
../APP_Layer/Smart_Room.c:250: warning: pointer targets in passing argument 1 of 'CLCD_vSendString' differ in signedness
../APP_Layer/Smart_Room.c:252: warning: pointer targets in passing argument 1 of 'CLCD_vSendString' differ in signedness
../APP_Layer/Smart_Room.c:254: warning: pointer targets in passing argument 1 of 'CLCD_vSendString' differ in signedness
../APP_Layer/Smart_Room.c:260: warning: pointer targets in passing argument 1 of 'CLCD_vSendString' differ in signedness
../APP_Layer/Smart_Room.c:262: warning: pointer targets in passing argument 1 of 'CLCD_vSendString' differ in signedness
../APP_Layer/Smart_Room.c:264: warning: pointer targets in passing argument 1 of 'CLCD_vSendString' differ in signedness
../APP_Layer/Smart_Room.c:266: warning: pointer targets in passing argument 1 of 'CLCD_vSendString' differ in signedness
../APP_Layer/Smart_Room.c:290: warning: pointer targets in passing argument 1 of 'CLCD_vSendString' differ in signedness
../APP_Layer/Smart_Room.c: In function 'ROOM_LampOne':
../APP_Layer/Smart_Room.c:307: warning: pointer targets in passing argument 1 of 'CLCD_vSendString' differ in signedness
../APP_Layer/Smart_Room.c:309: warning: pointer targets in passing argument 1 of 'CLCD_vSendString' differ in signedness
../APP_Layer/Smart_Room.c:313: warning: passing argument 2 of 'LDR_u8GetLightPres' discards qualifiers from pointer target type
../APP_Layer/Smart_Room.c:319: warning: pointer targets in passing argument 1 of 'CLCD_vSendString' differ in signedness
../APP_Layer/Smart_Room.c:327: warning: pointer targets in passing argument 1 of 'CLCD_vSendString' differ in signedness
../APP_Layer/Smart_Room.c:328: warning: passing argument 1 of 'USART_u8ReceiveData' discards qualifiers from pointer target type
../APP_Layer/Smart_Room.c:340: warning: pointer targets in passing argument 1 of 'CLCD_vSendString' differ in signedness
../APP_Layer/Smart_Room.c:342: warning: pointer targets in passing argument 1 of 'CLCD_vSendString' differ in signedness
../APP_Layer/Smart_Room.c:344: warning: pointer targets in passing argument 1 of 'CLCD_vSendString' differ in signedness
../APP_Layer/Smart_Room.c:346: warning: pointer targets in passing argument 1 of 'CLCD_vSendString' differ in signedness
../APP_Layer/Smart_Room.c:359: warning: pointer targets in passing argument 1 of 'USART_u8SendStringSynch' differ in signedness
../APP_Layer/Smart_Room.c:374: warning: pointer targets in passing argument 1 of 'CLCD_vSendString' differ in signedness
../APP_Layer/Smart_Room.c:376: warning: passing argument 1 of 'USART_u8ReceiveData' discards qualifiers from pointer target type
../APP_Layer/Smart_Room.c:389: warning: pointer targets in passing argument 1 of 'CLCD_vSendString' differ in signedness
../APP_Layer/Smart_Room.c:391: warning: pointer targets in passing argument 1 of 'CLCD_vSendString' differ in signedness
../APP_Layer/Smart_Room.c:393: warning: pointer targets in passing argument 1 of 'CLCD_vSendString' differ in signedness
../APP_Layer/Smart_Room.c:395: warning: pointer targets in passing argument 1 of 'CLCD_vSendString' differ in signedness
../APP_Layer/Smart_Room.c:408: warning: pointer targets in passing argument 1 of 'CLCD_vSendString' differ in signedness
../APP_Layer/Smart_Room.c: In function 'ROOM_LampTwo':
../APP_Layer/Smart_Room.c:428: warning: pointer targets in passing argument 1 of 'CLCD_vSendString' differ in signedness
../APP_Layer/Smart_Room.c:430: warning: pointer targets in passing argument 1 of 'CLCD_vSendString' differ in signedness
../APP_Layer/Smart_Room.c:434: warning: passing argument 2 of 'LDR_u8GetLightPres' discards qualifiers from pointer target type
../APP_Layer/Smart_Room.c:440: warning: pointer targets in passing argument 1 of 'CLCD_vSendString' differ in signedness
../APP_Layer/Smart_Room.c:448: warning: pointer targets in passing argument 1 of 'CLCD_vSendString' differ in signedness
../APP_Layer/Smart_Room.c:449: warning: passing argument 1 of 'USART_u8ReceiveData' discards qualifiers from pointer target type
../APP_Layer/Smart_Room.c:461: warning: pointer targets in passing argument 1 of 'CLCD_vSendString' differ in signedness
../APP_Layer/Smart_Room.c:463: warning: pointer targets in passing argument 1 of 'CLCD_vSendString' differ in signedness
../APP_Layer/Smart_Room.c:465: warning: pointer targets in passing argument 1 of 'CLCD_vSendString' differ in signedness
../APP_Layer/Smart_Room.c:467: warning: pointer targets in passing argument 1 of 'CLCD_vSendString' differ in signedness
../APP_Layer/Smart_Room.c:480: warning: pointer targets in passing argument 1 of 'USART_u8SendStringSynch' differ in signedness
../APP_Layer/Smart_Room.c:495: warning: pointer targets in passing argument 1 of 'CLCD_vSendString' differ in signedness
../APP_Layer/Smart_Room.c:497: warning: passing argument 1 of 'USART_u8ReceiveData' discards qualifiers from pointer target type
../APP_Layer/Smart_Room.c:510: warning: pointer targets in passing argument 1 of 'CLCD_vSendString' differ in signedness
../APP_Layer/Smart_Room.c:512: warning: pointer targets in passing argument 1 of 'CLCD_vSendString' differ in signedness
../APP_Layer/Smart_Room.c:514: warning: pointer targets in passing argument 1 of 'CLCD_vSendString' differ in signedness
../APP_Layer/Smart_Room.c:516: warning: pointer targets in passing argument 1 of 'CLCD_vSendString' differ in signedness
../APP_Layer/Smart_Room.c:529: warning: pointer targets in passing argument 1 of 'CLCD_vSendString' differ in signedness
../APP_Layer/Smart_Room.c: In function 'ROOM_LampThree':
../APP_Layer/Smart_Room.c:549: warning: pointer targets in passing argument 1 of 'CLCD_vSendString' differ in signedness
../APP_Layer/Smart_Room.c:551: warning: pointer targets in passing argument 1 of 'CLCD_vSendString' differ in signedness
../APP_Layer/Smart_Room.c:555: warning: passing argument 2 of 'LDR_u8GetLightPres' discards qualifiers from pointer target type
../APP_Layer/Smart_Room.c:561: warning: pointer targets in passing argument 1 of 'CLCD_vSendString' differ in signedness
../APP_Layer/Smart_Room.c:569: warning: pointer targets in passing argument 1 of 'CLCD_vSendString' differ in signedness
../APP_Layer/Smart_Room.c:570: warning: passing argument 1 of 'USART_u8ReceiveData' discards qualifiers from pointer target type
../APP_Layer/Smart_Room.c:582: warning: pointer targets in passing argument 1 of 'CLCD_vSendString' differ in signedness
../APP_Layer/Smart_Room.c:584: warning: pointer targets in passing argument 1 of 'CLCD_vSendString' differ in signedness
../APP_Layer/Smart_Room.c:586: warning: pointer targets in passing argument 1 of 'CLCD_vSendString' differ in signedness
../APP_Layer/Smart_Room.c:588: warning: pointer targets in passing argument 1 of 'CLCD_vSendString' differ in signedness
../APP_Layer/Smart_Room.c:601: warning: pointer targets in passing argument 1 of 'USART_u8SendStringSynch' differ in signedness
../APP_Layer/Smart_Room.c:616: warning: pointer targets in passing argument 1 of 'CLCD_vSendString' differ in signedness
../APP_Layer/Smart_Room.c:618: warning: passing argument 1 of 'USART_u8ReceiveData' discards qualifiers from pointer target type
../APP_Layer/Smart_Room.c:630: warning: pointer targets in passing argument 1 of 'CLCD_vSendString' differ in signedness
../APP_Layer/Smart_Room.c:632: warning: pointer targets in passing argument 1 of 'CLCD_vSendString' differ in signedness
../APP_Layer/Smart_Room.c:634: warning: pointer targets in passing argument 1 of 'CLCD_vSendString' differ in signedness
../APP_Layer/Smart_Room.c:636: warning: pointer targets in passing argument 1 of 'CLCD_vSendString' differ in signedness
../APP_Layer/Smart_Room.c:649: warning: pointer targets in passing argument 1 of 'CLCD_vSendString' differ in signedness
../APP_Layer/Smart_Room.c: In function 'Room_vFan':
../APP_Layer/Smart_Room.c:669: warning: pointer targets in passing argument 1 of 'CLCD_vSendString' differ in signedness
../APP_Layer/Smart_Room.c:671: warning: pointer targets in passing argument 1 of 'CLCD_vSendString' differ in signedness
../APP_Layer/Smart_Room.c:672: warning: pointer targets in passing argument 1 of 'CLCD_vSendString' differ in signedness
../APP_Layer/Smart_Room.c:674: warning: pointer targets in passing argument 1 of 'CLCD_vSendString' differ in signedness
../APP_Layer/Smart_Room.c:675: warning: pointer targets in passing argument 1 of 'CLCD_vSendString' differ in signedness
../APP_Layer/Smart_Room.c:677: warning: pointer targets in passing argument 1 of 'CLCD_vSendString' differ in signedness
../APP_Layer/Smart_Room.c:681: warning: pointer targets in passing argument 1 of 'CLCD_vSendString' differ in signedness
../APP_Layer/Smart_Room.c:685: warning: passing argument 1 of 'USART_u8ReceiveData' discards qualifiers from pointer target type
../APP_Layer/Smart_Room.c:737: warning: pointer targets in passing argument 1 of 'CLCD_vSendString' differ in signedness
../APP_Layer/Smart_Room.c:739: warning: pointer targets in passing argument 1 of 'CLCD_vSendString' differ in signedness
../APP_Layer/Smart_Room.c:741: warning: pointer targets in passing argument 1 of 'CLCD_vSendString' differ in signedness
../APP_Layer/Smart_Room.c:743: warning: pointer targets in passing argument 1 of 'CLCD_vSendString' differ in signedness
../APP_Layer/Smart_Room.c:756: warning: pointer targets in passing argument 1 of 'CLCD_vSendString' differ in signedness
../APP_Layer/Smart_Room.c: In function 'Room_vSetting':
../APP_Layer/Smart_Room.c:772: warning: pointer targets in passing argument 1 of 'CLCD_vSendString' differ in signedness
../APP_Layer/Smart_Room.c:774: warning: pointer targets in passing argument 1 of 'CLCD_vSendString' differ in signedness
../APP_Layer/Smart_Room.c:776: warning: pointer targets in passing argument 1 of 'CLCD_vSendString' differ in signedness
../APP_Layer/Smart_Room.c:778: warning: pointer targets in passing argument 1 of 'CLCD_vSendString' differ in signedness
../APP_Layer/Smart_Room.c:781: warning: passing argument 1 of 'USART_u8ReceiveData' discards qualifiers from pointer target type
../APP_Layer/Smart_Room.c:790: warning: pointer targets in passing argument 1 of 'CLCD_vSendString' differ in signedness
../APP_Layer/Smart_Room.c:792: warning: pointer targets in passing argument 1 of 'CLCD_vSendString' differ in signedness
../APP_Layer/Smart_Room.c:794: warning: pointer targets in passing argument 1 of 'CLCD_vSendString' differ in signedness
../APP_Layer/Smart_Room.c:796: warning: pointer targets in passing argument 1 of 'CLCD_vSendString' differ in signedness
../APP_Layer/Smart_Room.c:804: warning: pointer targets in passing argument 1 of 'CLCD_vSendString' differ in signedness
../APP_Layer/Smart_Room.c:806: warning: pointer targets in passing argument 1 of 'CLCD_vSendString' differ in signedness
../APP_Layer/Smart_Room.c:808: warning: pointer targets in passing argument 1 of 'CLCD_vSendString' differ in signedness
../APP_Layer/Smart_Room.c:810: warning: pointer targets in passing argument 1 of 'CLCD_vSendString' differ in signedness
../APP_Layer/Smart_Room.c:819: warning: pointer targets in passing argument 1 of 'CLCD_vSendString' differ in signedness
../APP_Layer/Smart_Room.c:821: warning: pointer targets in passing argument 1 of 'CLCD_vSendString' differ in signedness
../APP_Layer/Smart_Room.c:823: warning: pointer targets in passing argument 1 of 'CLCD_vSendString' differ in signedness
../APP_Layer/Smart_Room.c:825: warning: pointer targets in passing argument 1 of 'CLCD_vSendString' differ in signedness
../APP_Layer/Smart_Room.c:838: warning: pointer targets in passing argument 1 of 'CLCD_vSendString' differ in signedness
../APP_Layer/Smart_Room.c: In function 'Room_Door':
../APP_Layer/Smart_Room.c:855: warning: pointer targets in passing argument 1 of 'CLCD_vSendString' differ in signedness
../APP_Layer/Smart_Room.c:857: warning: pointer targets in passing argument 1 of 'CLCD_vSendString' differ in signedness
../APP_Layer/Smart_Room.c:858: warning: pointer targets in passing argument 1 of 'CLCD_vSendString' differ in signedness
../APP_Layer/Smart_Room.c:861: warning: passing argument 1 of 'USART_u8ReceiveData' discards qualifiers from pointer target type
../APP_Layer/Smart_Room.c:876: warning: pointer targets in passing argument 1 of 'CLCD_vSendString' differ in signedness
../APP_Layer/Smart_Room.c:878: warning: pointer targets in passing argument 1 of 'CLCD_vSendString' differ in signedness
../APP_Layer/Smart_Room.c:880: warning: pointer targets in passing argument 1 of 'CLCD_vSendString' differ in signedness
../APP_Layer/Smart_Room.c:882: warning: pointer targets in passing argument 1 of 'CLCD_vSendString' differ in signedness
../APP_Layer/Smart_Room.c:896: warning: pointer targets in passing argument 1 of 'CLCD_vSendString' differ in signedness
../APP_Layer/Smart_Room.c: In function 'Auto_Fan_Control':
../APP_Layer/Smart_Room.c:912: warning: pointer targets in passing argument 1 of 'CLCD_vSendString' differ in signedness
../APP_Layer/Smart_Room.c:914: warning: pointer targets in passing argument 1 of 'CLCD_vSendString' differ in signedness
../APP_Layer/Smart_Room.c:915: warning: pointer targets in passing argument 1 of 'CLCD_vSendString' differ in signedness
../APP_Layer/Smart_Room.c:919: warning: passing argument 1 of 'USART_u8ReceiveData' discards qualifiers from pointer target type
../APP_Layer/Smart_Room.c:947: warning: pointer targets in passing argument 1 of 'CLCD_vSendString' differ in signedness
../APP_Layer/Smart_Room.c: In function 'Fan_Speed':
../APP_Layer/Smart_Room.c:963: warning: passing argument 2 of 'LM35_u8GetTemp' discards qualifiers from pointer target type
../APP_Layer/Smart_Room.c: In function 'ISR_EXTI0_Interrupt':
../APP_Layer/Smart_Room.c:1102: warning: passing argument 2 of 'LDR_u8GetLightPres' discards qualifiers from pointer target type
../APP_Layer/Smart_Room.c:1113: warning: passing argument 2 of 'LDR_u8GetLightPres' discards qualifiers from pointer target type
../APP_Layer/Smart_Room.c:1124: warning: passing argument 2 of 'LDR_u8GetLightPres' discards qualifiers from pointer target type
../APP_Layer/Smart_Room.c: In function 'ISR_TIMER2_OVF_MODE':
../APP_Layer/Smart_Room.c:1157: warning: passing argument 2 of 'LDR_u8GetLightPres' discards qualifiers from pointer target type
../APP_Layer/Smart_Room.c:1169: warning: passing argument 2 of 'LDR_u8GetLightPres' discards qualifiers from pointer target type
../APP_Layer/Smart_Room.c:1181: warning: passing argument 2 of 'LDR_u8GetLightPres' discards qualifiers from pointer target type
Finished building: ../APP_Layer/Smart_Room.c
 
Building target: Smart_Room.elf
Invoking: AVR C Linker
avr-gcc -Wl,-Map,Smart_Room.map -mmcu=atmega32 -o "Smart_Room.elf"  ./MCAL_Layer/USART/USART_prog.o  ./MCAL_Layer/TIMER/TIMER_program.o  ./MCAL_Layer/GIE/GIE_prog.o  ./MCAL_Layer/EXTI/EXTI_prog.o  ./MCAL_Layer/EEPROM/EEPROM_prog.o  ./MCAL_Layer/DIO/DIO_prog.o  ./MCAL_Layer/ADC/ADC_prog.o  ./HAL_Layer/SERVO_MOTOR/Servo_Motor_prog.o  ./HAL_Layer/LM35/LM35_prog.o  ./HAL_Layer/LED/LED_prog.o  ./HAL_Layer/LDR/LDR_prog.o  ./HAL_Layer/KPD/KPD_prog.o  ./HAL_Layer/CLCD/CLCD_prog.o  ./APP_Layer/SECURITY/SECURITY_prog.o  ./APP_Layer/Smart_Room.o   
Finished building target: Smart_Room.elf
 
Invoking: AVR Create Extended Listing
avr-objdump -h -S Smart_Room.elf  >"Smart_Room.lss"
Finished building: Smart_Room.lss
 
Create Flash image (ihex format)
avr-objcopy -R .eeprom -R .fuse -R .lock -R .signature -O ihex Smart_Room.elf  "Smart_Room.hex"
Finished building: Smart_Room.hex
 
Invoking: Print Size
avr-size --format=avr --mcu=atmega32 Smart_Room.elf
AVR Memory Usage
----------------
Device: atmega32

[...]
../APP_Layer/Smart_Room.c:250: warning: pointer targets in passing argument 1 of 'CLCD_vSendString' differ in signedness
../APP_Layer/Smart_Room.c:252: warning: pointer targets in passing argument 1 of 'CLCD_vSendString' differ in signedness
../APP_Layer/Smart_Room.c:254: warning: pointer targets in passing argument 1 of 'CLCD_vSendString' differ in signedness
../APP_Layer/Smart_Room.c:260: warning: pointer targets in passing argument 1 of 'CLCD_vSendString' differ in signedness
../APP_Layer/Smart_Room.c:262: warning: pointer targets in passing argument 1 of 'CLCD_vSendString' differ in signedness
../APP_Layer/Smart_Room.c:264: warning: pointer targets in passing argument 1 of 'CLCD_vSendString' differ in signedness
../APP_Layer/Smart_Room.c:266: warning: pointer targets in passing argument 1 of 'CLCD_vSendString' differ in signedness
../APP_Layer/Smart_Room.c:290: warning: pointer targets in passing argument 1 of 'CLCD_vSendString' differ in signedness
../APP_Layer/Smart_Room.c: In function 'ROOM_LampOne':
../APP_Layer/Smart_Room.c:315: warning: pointer targets in passing argument 1 of 'CLCD_vSendString' differ in signedness
../APP_Layer/Smart_Room.c:317: warning: pointer targets in passing argument 1 of 'CLCD_vSendString' differ in signedness
../APP_Layer/Smart_Room.c:321: warning: passing argument 2 of 'LDR_u8GetLightPres' discards qualifiers from pointer target type
../APP_Layer/Smart_Room.c:327: warning: pointer targets in passing argument 1 of 'CLCD_vSendString' differ in signedness
../APP_Layer/Smart_Room.c:335: warning: pointer targets in passing argument 1 of 'CLCD_vSendString' differ in signedness
../APP_Layer/Smart_Room.c:336: warning: passing argument 1 of 'USART_u8ReceiveData' discards qualifiers from pointer target type
../APP_Layer/Smart_Room.c:348: warning: pointer targets in passing argument 1 of 'CLCD_vSendString' differ in signedness
../APP_Layer/Smart_Room.c:350: warning: pointer targets in passing argument 1 of 'CLCD_vSendString' differ in signedness
../APP_Layer/Smart_Room.c:352: warning: pointer targets in passing argument 1 of 'CLCD_vSendString' differ in signedness
../APP_Layer/Smart_Room.c:354: warning: pointer targets in passing argument 1 of 'CLCD_vSendString' differ in signedness
../APP_Layer/Smart_Room.c:367: warning: pointer targets in passing argument 1 of 'USART_u8SendStringSynch' differ in signedness
../APP_Layer/Smart_Room.c:382: warning: pointer targets in passing argument 1 of 'CLCD_vSendString' differ in signedness
../APP_Layer/Smart_Room.c:384: warning: passing argument 1 of 'USART_u8ReceiveData' discards qualifiers from pointer target type
../APP_Layer/Smart_Room.c:397: warning: pointer targets in passing argument 1 of 'CLCD_vSendString' differ in signedness
../APP_Layer/Smart_Room.c:399: warning: pointer targets in passing argument 1 of 'CLCD_vSendString' differ in signedness
../APP_Layer/Smart_Room.c:401: warning: pointer targets in passing argument 1 of 'CLCD_vSendString' differ in signedness
../APP_Layer/Smart_Room.c:403: warning: pointer targets in passing argument 1 of 'CLCD_vSendString' differ in signedness
../APP_Layer/Smart_Room.c:416: warning: pointer targets in passing argument 1 of 'CLCD_vSendString' differ in signedness
../APP_Layer/Smart_Room.c: In function 'ROOM_LampTwo':
../APP_Layer/Smart_Room.c:436: warning: pointer targets in passing argument 1 of 'CLCD_vSendString' differ in signedness
../APP_Layer/Smart_Room.c:438: warning: pointer targets in passing argument 1 of 'CLCD_vSendString' differ in signedness
../APP_Layer/Smart_Room.c:442: warning: passing argument 2 of 'LDR_u8GetLightPres' discards qualifiers from pointer target type
../APP_Layer/Smart_Room.c:448: warning: pointer targets in passing argument 1 of 'CLCD_vSendString' differ in signedness
../APP_Layer/Smart_Room.c:456: warning: pointer targets in passing argument 1 of 'CLCD_vSendString' differ in signedness
../APP_Layer/Smart_Room.c:457: warning: passing argument 1 of 'USART_u8ReceiveData' discards qualifiers from pointer target type
../APP_Layer/Smart_Room.c:469: warning: pointer targets in passing argument 1 of 'CLCD_vSendString' differ in signedness
../APP_Layer/Smart_Room.c:471: warning: pointer targets in passing argument 1 of 'CLCD_vSendString' differ in signedness
../APP_Layer/Smart_Room.c:473: warning: pointer targets in passing argument 1 of 'CLCD_vSendString' differ in signedness
../APP_Layer/Smart_Room.c:475: warning: pointer targets in passing argument 1 of 'CLCD_vSendString' differ in signedness
../APP_Layer/Smart_Room.c:488: warning: pointer targets in passing argument 1 of 'USART_u8SendStringSynch' differ in signedness
../APP_Layer/Smart_Room.c:503: warning: pointer targets in passing argument 1 of 'CLCD_vSendString' differ in signedness
../APP_Layer/Smart_Room.c:505: warning: passing argument 1 of 'USART_u8ReceiveData' discards qualifiers from pointer target type
../APP_Layer/Smart_Room.c:518: warning: pointer targets in passing argument 1 of 'CLCD_vSendString' differ in signedness
../APP_Layer/Smart_Room.c:520: warning: pointer targets in passing argument 1 of 'CLCD_vSendString' differ in signedness
../APP_Layer/Smart_Room.c:522: warning: pointer targets in passing argument 1 of 'CLCD_vSendString' differ in signedness
../APP_Layer/Smart_Room.c:524: warning: pointer targets in passing argument 1 of 'CLCD_vSendString' differ in signedness
../APP_Layer/Smart_Room.c:537: warning: pointer targets in passing argument 1 of 'CLCD_vSendString' differ in signedness
../APP_Layer/Smart_Room.c: In function 'ROOM_LampThree':
../APP_Layer/Smart_Room.c:557: warning: pointer targets in passing argument 1 of 'CLCD_vSendString' differ in signedness
../APP_Layer/Smart_Room.c:559: warning: pointer targets in passing argument 1 of 'CLCD_vSendString' differ in signedness
../APP_Layer/Smart_Room.c:563: warning: passing argument 2 of 'LDR_u8GetLightPres' discards qualifiers from pointer target type
../APP_Layer/Smart_Room.c:569: warning: pointer targets in passing argument 1 of 'CLCD_vSendString' differ in signedness
../APP_Layer/Smart_Room.c:577: warning: pointer targets in passing argument 1 of 'CLCD_vSendString' differ in signedness
../APP_Layer/Smart_Room.c:578: warning: passing argument 1 of 'USART_u8ReceiveData' discards qualifiers from pointer target type
../APP_Layer/Smart_Room.c:590: warning: pointer targets in passing argument 1 of 'CLCD_vSendString' differ in signedness
../APP_Layer/Smart_Room.c:592: warning: pointer targets in passing argument 1 of 'CLCD_vSendString' differ in signedness
../APP_Layer/Smart_Room.c:594: warning: pointer targets in passing argument 1 of 'CLCD_vSendString' differ in signedness
../APP_Layer/Smart_Room.c:596: warning: pointer targets in passing argument 1 of 'CLCD_vSendString' differ in signedness
../APP_Layer/Smart_Room.c:609: warning: pointer targets in passing argument 1 of 'USART_u8SendStringSynch' differ in signedness
../APP_Layer/Smart_Room.c:624: warning: pointer targets in passing argument 1 of 'CLCD_vSendString' differ in signedness
../APP_Layer/Smart_Room.c:626: warning: passing argument 1 of 'USART_u8ReceiveData' discards qualifiers from pointer target type
../APP_Layer/Smart_Room.c:638: warning: pointer targets in passing argument 1 of 'CLCD_vSendString' differ in signedness
../APP_Layer/Smart_Room.c:640: warning: pointer targets in passing argument 1 of 'CLCD_vSendString' differ in signedness
../APP_Layer/Smart_Room.c:642: warning: pointer targets in passing argument 1 of 'CLCD_vSendString' differ in signedness
../APP_Layer/Smart_Room.c:644: warning: pointer targets in passing argument 1 of 'CLCD_vSendString' differ in signedness
../APP_Layer/Smart_Room.c:657: warning: pointer targets in passing argument 1 of 'CLCD_vSendString' differ in signedness
../APP_Layer/Smart_Room.c: In function 'Room_vFan':
../APP_Layer/Smart_Room.c:677: warning: pointer targets in passing argument 1 of 'CLCD_vSendString' differ in signedness
../APP_Layer/Smart_Room.c:679: warning: pointer targets in passing argument 1 of 'CLCD_vSendString' differ in signedness
../APP_Layer/Smart_Room.c:680: warning: pointer targets in passing argument 1 of 'CLCD_vSendString' differ in signedness
../APP_Layer/Smart_Room.c:682: warning: pointer targets in passing argument 1 of 'CLCD_vSendString' differ in signedness
../APP_Layer/Smart_Room.c:683: warning: pointer targets in passing argument 1 of 'CLCD_vSendString' differ in signedness
../APP_Layer/Smart_Room.c:685: warning: pointer targets in passing argument 1 of 'CLCD_vSendString' differ in signedness
../APP_Layer/Smart_Room.c:689: warning: pointer targets in passing argument 1 of 'CLCD_vSendString' differ in signedness
../APP_Layer/Smart_Room.c:693: warning: passing argument 1 of 'USART_u8ReceiveData' discards qualifiers from pointer target type
../APP_Layer/Smart_Room.c:745: warning: pointer targets in passing argument 1 of 'CLCD_vSendString' differ in signedness
../APP_Layer/Smart_Room.c:747: warning: pointer targets in passing argument 1 of 'CLCD_vSendString' differ in signedness
../APP_Layer/Smart_Room.c:749: warning: pointer targets in passing argument 1 of 'CLCD_vSendString' differ in signedness
../APP_Layer/Smart_Room.c:751: warning: pointer targets in passing argument 1 of 'CLCD_vSendString' differ in signedness
../APP_Layer/Smart_Room.c:764: warning: pointer targets in passing argument 1 of 'CLCD_vSendString' differ in signedness
../APP_Layer/Smart_Room.c: In function 'Room_vSetting':
../APP_Layer/Smart_Room.c:780: warning: pointer targets in passing argument 1 of 'CLCD_vSendString' differ in signedness
../APP_Layer/Smart_Room.c:782: warning: pointer targets in passing argument 1 of 'CLCD_vSendString' differ in signedness
../APP_Layer/Smart_Room.c:784: warning: pointer targets in passing argument 1 of 'CLCD_vSendString' differ in signedness
../APP_Layer/Smart_Room.c:786: warning: pointer targets in passing argument 1 of 'CLCD_vSendString' differ in signedness
../APP_Layer/Smart_Room.c:789: warning: passing argument 1 of 'USART_u8ReceiveData' discards qualifiers from pointer target type
../APP_Layer/Smart_Room.c:798: warning: pointer targets in passing argument 1 of 'CLCD_vSendString' differ in signedness
../APP_Layer/Smart_Room.c:800: warning: pointer targets in passing argument 1 of 'CLCD_vSendString' differ in signedness
../APP_Layer/Smart_Room.c:802: warning: pointer targets in passing argument 1 of 'CLCD_vSendString' differ in signedness
../APP_Layer/Smart_Room.c:804: warning: pointer targets in passing argument 1 of 'CLCD_vSendString' differ in signedness
../APP_Layer/Smart_Room.c:812: warning: pointer targets in passing argument 1 of 'CLCD_vSendString' differ in signedness
../APP_Layer/Smart_Room.c:814: warning: pointer targets in passing argument 1 of 'CLCD_vSendString' differ in signedness
../APP_Layer/Smart_Room.c:816: warning: pointer targets in passing argument 1 of 'CLCD_vSendString' differ in signedness
../APP_Layer/Smart_Room.c:818: warning: pointer targets in passing argument 1 of 'CLCD_vSendString' differ in signedness
../APP_Layer/Smart_Room.c:827: warning: pointer targets in passing argument 1 of 'CLCD_vSendString' differ in signedness
../APP_Layer/Smart_Room.c:829: warning: pointer targets in passing argument 1 of 'CLCD_vSendString' differ in signedness
../APP_Layer/Smart_Room.c:831: warning: pointer targets in passing argument 1 of 'CLCD_vSendString' differ in signedness
../APP_Layer/Smart_Room.c:833: warning: pointer targets in passing argument 1 of 'CLCD_vSendString' differ in signedness
../APP_Layer/Smart_Room.c:846: warning: pointer targets in passing argument 1 of 'CLCD_vSendString' differ in signedness
../APP_Layer/Smart_Room.c: In function 'Room_Door':
../APP_Layer/Smart_Room.c:863: warning: pointer targets in passing argument 1 of 'CLCD_vSendString' differ in signedness
../APP_Layer/Smart_Room.c:865: warning: pointer targets in passing argument 1 of 'CLCD_vSendString' differ in signedness
../APP_Layer/Smart_Room.c:866: warning: pointer targets in passing argument 1 of 'CLCD_vSendString' differ in signedness
../APP_Layer/Smart_Room.c:869: warning: passing argument 1 of 'USART_u8ReceiveData' discards qualifiers from pointer target type
../APP_Layer/Smart_Room.c:884: warning: pointer targets in passing argument 1 of 'CLCD_vSendString' differ in signedness
../APP_Layer/Smart_Room.c:886: warning: pointer targets in passing argument 1 of 'CLCD_vSendString' differ in signedness
../APP_Layer/Smart_Room.c:888: warning: pointer targets in passing argument 1 of 'CLCD_vSendString' differ in signedness
../APP_Layer/Smart_Room.c:890: warning: pointer targets in passing argument 1 of 'CLCD_vSendString' differ in signedness
../APP_Layer/Smart_Room.c:904: warning: pointer targets in passing argument 1 of 'CLCD_vSendString' differ in signedness
../APP_Layer/Smart_Room.c: In function 'Auto_Fan_Control':
../APP_Layer/Smart_Room.c:920: warning: pointer targets in passing argument 1 of 'CLCD_vSendString' differ in signedness
../APP_Layer/Smart_Room.c:922: warning: pointer targets in passing argument 1 of 'CLCD_vSendString' differ in signedness
../APP_Layer/Smart_Room.c:923: warning: pointer targets in passing argument 1 of 'CLCD_vSendString' differ in signedness
../APP_Layer/Smart_Room.c:927: warning: passing argument 1 of 'USART_u8ReceiveData' discards qualifiers from pointer target type
../APP_Layer/Smart_Room.c:955: warning: pointer targets in passing argument 1 of 'CLCD_vSendString' differ in signedness
../APP_Layer/Smart_Room.c: In function 'Fan_Speed':
../APP_Layer/Smart_Room.c:971: warning: passing argument 2 of 'LM35_u8GetTemp' discards qualifiers from pointer target type
../APP_Layer/Smart_Room.c: In function 'ISR_EXTI0_Interrupt':
../APP_Layer/Smart_Room.c:1110: warning: passing argument 2 of 'LDR_u8GetLightPres' discards qualifiers from pointer target type
../APP_Layer/Smart_Room.c:1121: warning: passing argument 2 of 'LDR_u8GetLightPres' discards qualifiers from pointer target type
../APP_Layer/Smart_Room.c:1132: warning: passing argument 2 of 'LDR_u8GetLightPres' discards qualifiers from pointer target type
../APP_Layer/Smart_Room.c: In function 'ISR_TIMER2_OVF_MODE':
../APP_Layer/Smart_Room.c:1165: warning: passing argument 2 of 'LDR_u8GetLightPres' discards qualifiers from pointer target type
../APP_Layer/Smart_Room.c:1177: warning: passing argument 2 of 'LDR_u8GetLightPres' discards qualifiers from pointer target type
../APP_Layer/Smart_Room.c:1189: warning: passing argument 2 of 'LDR_u8GetLightPres' discards qualifiers from pointer target type
Finished building: ../APP_Layer/Smart_Room.c
 
Building target: Smart_Room.elf
Invoking: AVR C Linker
avr-gcc -Wl,-Map,Smart_Room.map -mmcu=atmega32 -o "Smart_Room.elf"  ./MCAL_Layer/USART/USART_prog.o  ./MCAL_Layer/TIMER/TIMER_program.o  ./MCAL_Layer/GIE/GIE_prog.o  ./MCAL_Layer/EXTI/EXTI_prog.o  ./MCAL_Layer/EEPROM/EEPROM_prog.o  ./MCAL_Layer/DIO/DIO_prog.o  ./MCAL_Layer/ADC/ADC_prog.o  ./HAL_Layer/SERVO_MOTOR/Servo_Motor_prog.o  ./HAL_Layer/LM35/LM35_prog.o  ./HAL_Layer/LED/LED_prog.o  ./HAL_Layer/LDR/LDR_prog.o  ./HAL_Layer/KPD/KPD_prog.o  ./HAL_Layer/CLCD/CLCD_prog.o  ./APP_Layer/SECURITY/SECURITY_prog.o  ./APP_Layer/Smart_Room.o   
Finished building target: Smart_Room.elf
 
Invoking: AVR Create Extended Listing
avr-objdump -h -S Smart_Room.elf  >"Smart_Room.lss"
Finished building: Smart_Room.lss
 
Create Flash image (ihex format)
avr-objcopy -R .eeprom -R .fuse -R .lock -R .signature -O ihex Smart_Room.elf  "Smart_Room.hex"
Finished building: Smart_Room.hex
 
Invoking: Print Size
avr-size --format=avr --mcu=atmega32 Smart_Room.elf
AVR Memory Usage
----------------
Device: atmega32

Program:   32846 bytes (100.2% Full)
(.text + .data + .bootloader)

Data:       1166 bytes (56.9% Full)
(.data + .bss + .noinit)


Finished building: sizedummy
 
23:45:43 **** Incremental Build of configuration Debug for project Smart_Room ****
make all 
Invoking: Print Size
avr-size --format=avr --mcu=atmega32 Smart_Room.elf
AVR Memory Usage
----------------
Device: atmega32

Program:   32846 bytes (100.2% Full)
(.text + .data + .bootloader)

Data:       1166 bytes (56.9% Full)
(.data + .bss + .noinit)


Finished building: sizedummy
 
23:52:34 **** Incremental Build of configuration Debug for project Smart_Room ****
make all 
Invoking: Print Size
avr-size --format=avr --mcu=atmega32 Smart_Room.elf
AVR Memory Usage
----------------
Device: atmega32

Program:   32846 bytes (100.2% Full)
(.text + .data + .bootloader)

Data:       1166 bytes (56.9% Full)
(.data + .bss + .noinit)


Finished building: sizedummy
 
21:51:51 **** Incremental Build of configuration Debug for project Smart_Room ****
make all 
Invoking: Print Size
avr-size --format=avr --mcu=atmega32 Smart_Room.elf
AVR Memory Usage
----------------
Device: atmega32

Program:   32846 bytes (100.2% Full)
(.text + .data + .bootloader)

Data:       1166 bytes (56.9% Full)
(.data + .bss + .noinit)


Finished building: sizedummy
 
21:51:56 **** Incremental Build of configuration Debug for project Smart_Room ****
make all 
Invoking: Print Size
avr-size --format=avr --mcu=atmega32 Smart_Room.elf
AVR Memory Usage
----------------
Device: atmega32

Program:   32846 bytes (100.2% Full)
(.text + .data + .bootloader)

Data:       1166 bytes (56.9% Full)
(.data + .bss + .noinit)


Finished building: sizedummy
 
01:51:25 **** Build of configuration Debug for project Smart_Room ****
make all 
Invoking: Print Size
avr-size --format=avr --mcu=atmega32 Smart_Room.elf
AVR Memory Usage
----------------
Device: atmega32

Program:   32846 bytes (100.2% Full)
(.text + .data + .bootloader)

Data:       1166 bytes (56.9% Full)
(.data + .bss + .noinit)


Finished building: sizedummy
 
17:10:17 **** Build of configuration Debug for project Smart_Room ****
make all 
Invoking: Print Size
avr-size --format=avr --mcu=atmega32 Smart_Room.elf
AVR Memory Usage
----------------
Device: atmega32

Program:   32846 bytes (100.2% Full)
(.text + .data + .bootloader)

Data:       1166 bytes (56.9% Full)
(.data + .bss + .noinit)


Finished building: sizedummy
 
17:10:23 **** Incremental Build of configuration Debug for project Smart_Room ****
make all 
Invoking: Print Size
avr-size --format=avr --mcu=atmega32 Smart_Room.elf
AVR Memory Usage
----------------
Device: atmega32

Program:   32846 bytes (100.2% Full)
(.text + .data + .bootloader)

Data:       1166 bytes (56.9% Full)
(.data + .bss + .noinit)


Finished building: sizedummy
 
17:10:29 **** Incremental Build of configuration Debug for project Smart_Room ****
make all 
Invoking: Print Size
avr-size --format=avr --mcu=atmega32 Smart_Room.elf
AVR Memory Usage
----------------
Device: atmega32

Program:   32846 bytes (100.2% Full)
(.text + .data + .bootloader)

Data:       1166 bytes (56.9% Full)
(.data + .bss + .noinit)


Finished building: sizedummy
 
20:23:48 **** Incremental Build of configuration Debug for project Smart_Room ****
make all 
Invoking: Print Size
avr-size --format=avr --mcu=atmega32 Smart_Room.elf
AVR Memory Usage
----------------
Device: atmega32

Program:   32846 bytes (100.2% Full)
(.text + .data + .bootloader)

Data:       1166 bytes (56.9% Full)
(.data + .bss + .noinit)


Finished building: sizedummy
 
20:24:51 **** Incremental Build of configuration Debug for project Smart_Room ****
make all 
Invoking: Print Size
avr-size --format=avr --mcu=atmega32 Smart_Room.elf
AVR Memory Usage
----------------
Device: atmega32

Program:   32846 bytes (100.2% Full)
(.text + .data + .bootloader)

Data:       1166 bytes (56.9% Full)
(.data + .bss + .noinit)


Finished building: sizedummy
 
21:39:28 **** Incremental Build of configuration Debug for project Smart_Room ****
make all 
Invoking: Print Size
avr-size --format=avr --mcu=atmega32 Smart_Room.elf
AVR Memory Usage
----------------
Device: atmega32

Program:   32846 bytes (100.2% Full)
(.text + .data + .bootloader)

Data:       1166 bytes (56.9% Full)
(.data + .bss + .noinit)


Finished building: sizedummy
 
